Archive member included because of file (symbol)

/Users/akilesh/pebble-dev/PebbleSDK-2.8.1/Pebble/lib/libpebble.a(tmpL9Cjnwpebble.o)
                              src/hibar-pebble.c.7.o (app_event_loop)

Discarded input sections

 .text          0x0000000000000000        0x0 /Users/akilesh/pebble-dev/PebbleSDK-2.8.1/arm-cs-tools/bin/../lib/gcc/arm-none-eabi/4.7.2/thumb2/crti.o
 .bss           0x0000000000000000        0x0 /Users/akilesh/pebble-dev/PebbleSDK-2.8.1/arm-cs-tools/bin/../lib/gcc/arm-none-eabi/4.7.2/thumb2/crti.o
 .init          0x0000000000000000        0x4 /Users/akilesh/pebble-dev/PebbleSDK-2.8.1/arm-cs-tools/bin/../lib/gcc/arm-none-eabi/4.7.2/thumb2/crti.o
 .fini          0x0000000000000000        0x4 /Users/akilesh/pebble-dev/PebbleSDK-2.8.1/arm-cs-tools/bin/../lib/gcc/arm-none-eabi/4.7.2/thumb2/crti.o
 .text          0x0000000000000000       0xc8 /Users/akilesh/pebble-dev/PebbleSDK-2.8.1/arm-cs-tools/bin/../lib/gcc/arm-none-eabi/4.7.2/thumb2/crtbegin.o
 .bss           0x0000000000000000       0x1c /Users/akilesh/pebble-dev/PebbleSDK-2.8.1/arm-cs-tools/bin/../lib/gcc/arm-none-eabi/4.7.2/thumb2/crtbegin.o
 .init_array    0x0000000000000000        0x4 /Users/akilesh/pebble-dev/PebbleSDK-2.8.1/arm-cs-tools/bin/../lib/gcc/arm-none-eabi/4.7.2/thumb2/crtbegin.o
 .fini_array    0x0000000000000000        0x4 /Users/akilesh/pebble-dev/PebbleSDK-2.8.1/arm-cs-tools/bin/../lib/gcc/arm-none-eabi/4.7.2/thumb2/crtbegin.o
 .eh_frame      0x0000000000000000        0x0 /Users/akilesh/pebble-dev/PebbleSDK-2.8.1/arm-cs-tools/bin/../lib/gcc/arm-none-eabi/4.7.2/thumb2/crtbegin.o
 .jcr           0x0000000000000000        0x0 /Users/akilesh/pebble-dev/PebbleSDK-2.8.1/arm-cs-tools/bin/../lib/gcc/arm-none-eabi/4.7.2/thumb2/crtbegin.o
 .tm_clone_table
                0x0000000000000000        0x0 /Users/akilesh/pebble-dev/PebbleSDK-2.8.1/arm-cs-tools/bin/../lib/gcc/arm-none-eabi/4.7.2/thumb2/crtbegin.o
 .text          0x0000000000000000        0x0 src/exercise_window.c.7.o
 .bss           0x0000000000000000        0x0 src/exercise_window.c.7.o
 .text          0x0000000000000000        0x0 src/hibar-pebble.c.7.o
 .bss           0x0000000000000000        0x0 src/hibar-pebble.c.7.o
 .text          0x0000000000000000        0x0 src/message_utils.c.7.o
 .bss           0x0000000000000000        0x0 src/message_utils.c.7.o
 .text          0x0000000000000000        0x0 src/next_exercise_window.c.7.o
 .bss           0x0000000000000000        0x0 src/next_exercise_window.c.7.o
 .text          0x0000000000000000        0x0 src/waiting_window.c.7.o
 .bss           0x0000000000000000        0x0 src/waiting_window.c.7.o
 .text          0x0000000000000000        0x0 appinfo.auto.c.7.o
 .bss           0x0000000000000000        0x0 appinfo.auto.c.7.o
 .bss           0x0000000000000000        0x0 /Users/akilesh/pebble-dev/PebbleSDK-2.8.1/Pebble/lib/libpebble.a(tmpL9Cjnwpebble.o)
 .text.accel_data_service_subscribe__deprecated
                0x0000000000000000        0xc /Users/akilesh/pebble-dev/PebbleSDK-2.8.1/Pebble/lib/libpebble.a(tmpL9Cjnwpebble.o)
 .text.accel_data_service_unsubscribe
                0x0000000000000000        0xc /Users/akilesh/pebble-dev/PebbleSDK-2.8.1/Pebble/lib/libpebble.a(tmpL9Cjnwpebble.o)
 .text.accel_service_peek
                0x0000000000000000        0xc /Users/akilesh/pebble-dev/PebbleSDK-2.8.1/Pebble/lib/libpebble.a(tmpL9Cjnwpebble.o)
 .text.accel_service_set_samples_per_update
                0x0000000000000000        0xc /Users/akilesh/pebble-dev/PebbleSDK-2.8.1/Pebble/lib/libpebble.a(tmpL9Cjnwpebble.o)
 .text.accel_service_set_sampling_rate
                0x0000000000000000        0xc /Users/akilesh/pebble-dev/PebbleSDK-2.8.1/Pebble/lib/libpebble.a(tmpL9Cjnwpebble.o)
 .text.accel_tap_service_subscribe
                0x0000000000000000        0xc /Users/akilesh/pebble-dev/PebbleSDK-2.8.1/Pebble/lib/libpebble.a(tmpL9Cjnwpebble.o)
 .text.accel_tap_service_unsubscribe
                0x0000000000000000        0xc /Users/akilesh/pebble-dev/PebbleSDK-2.8.1/Pebble/lib/libpebble.a(tmpL9Cjnwpebble.o)
 .text.action_bar_layer_add_to_window
                0x0000000000000000        0xc /Users/akilesh/pebble-dev/PebbleSDK-2.8.1/Pebble/lib/libpebble.a(tmpL9Cjnwpebble.o)
 .text.action_bar_layer_clear_icon
                0x0000000000000000        0xc /Users/akilesh/pebble-dev/PebbleSDK-2.8.1/Pebble/lib/libpebble.a(tmpL9Cjnwpebble.o)
 .text.action_bar_layer_create
                0x0000000000000000        0xc /Users/akilesh/pebble-dev/PebbleSDK-2.8.1/Pebble/lib/libpebble.a(tmpL9Cjnwpebble.o)
 .text.action_bar_layer_destroy
                0x0000000000000000        0xc /Users/akilesh/pebble-dev/PebbleSDK-2.8.1/Pebble/lib/libpebble.a(tmpL9Cjnwpebble.o)
 .text.action_bar_layer_get_layer
                0x0000000000000000        0xc /Users/akilesh/pebble-dev/PebbleSDK-2.8.1/Pebble/lib/libpebble.a(tmpL9Cjnwpebble.o)
 .text.action_bar_layer_remove_from_window
                0x0000000000000000        0xc /Users/akilesh/pebble-dev/PebbleSDK-2.8.1/Pebble/lib/libpebble.a(tmpL9Cjnwpebble.o)
 .text.action_bar_layer_set_background_color
                0x0000000000000000        0xc /Users/akilesh/pebble-dev/PebbleSDK-2.8.1/Pebble/lib/libpebble.a(tmpL9Cjnwpebble.o)
 .text.action_bar_layer_set_click_config_provider
                0x0000000000000000        0xc /Users/akilesh/pebble-dev/PebbleSDK-2.8.1/Pebble/lib/libpebble.a(tmpL9Cjnwpebble.o)
 .text.action_bar_layer_set_context
                0x0000000000000000        0xc /Users/akilesh/pebble-dev/PebbleSDK-2.8.1/Pebble/lib/libpebble.a(tmpL9Cjnwpebble.o)
 .text.action_bar_layer_set_icon
                0x0000000000000000        0xc /Users/akilesh/pebble-dev/PebbleSDK-2.8.1/Pebble/lib/libpebble.a(tmpL9Cjnwpebble.o)
 .text.animation_create
                0x0000000000000000        0xc /Users/akilesh/pebble-dev/PebbleSDK-2.8.1/Pebble/lib/libpebble.a(tmpL9Cjnwpebble.o)
 .text.animation_destroy
                0x0000000000000000        0xc /Users/akilesh/pebble-dev/PebbleSDK-2.8.1/Pebble/lib/libpebble.a(tmpL9Cjnwpebble.o)
 .text.animation_get_context
                0x0000000000000000        0xc /Users/akilesh/pebble-dev/PebbleSDK-2.8.1/Pebble/lib/libpebble.a(tmpL9Cjnwpebble.o)
 .text.animation_is_scheduled
                0x0000000000000000        0xc /Users/akilesh/pebble-dev/PebbleSDK-2.8.1/Pebble/lib/libpebble.a(tmpL9Cjnwpebble.o)
 .text.animation_schedule
                0x0000000000000000        0xc /Users/akilesh/pebble-dev/PebbleSDK-2.8.1/Pebble/lib/libpebble.a(tmpL9Cjnwpebble.o)
 .text.animation_set_curve
                0x0000000000000000        0xc /Users/akilesh/pebble-dev/PebbleSDK-2.8.1/Pebble/lib/libpebble.a(tmpL9Cjnwpebble.o)
 .text.animation_set_delay
                0x0000000000000000        0xc /Users/akilesh/pebble-dev/PebbleSDK-2.8.1/Pebble/lib/libpebble.a(tmpL9Cjnwpebble.o)
 .text.animation_set_duration
                0x0000000000000000        0xc /Users/akilesh/pebble-dev/PebbleSDK-2.8.1/Pebble/lib/libpebble.a(tmpL9Cjnwpebble.o)
 .text.animation_set_handlers
                0x0000000000000000        0xc /Users/akilesh/pebble-dev/PebbleSDK-2.8.1/Pebble/lib/libpebble.a(tmpL9Cjnwpebble.o)
 .text.animation_set_implementation
                0x0000000000000000        0xc /Users/akilesh/pebble-dev/PebbleSDK-2.8.1/Pebble/lib/libpebble.a(tmpL9Cjnwpebble.o)
 .text.animation_unschedule
                0x0000000000000000        0xc /Users/akilesh/pebble-dev/PebbleSDK-2.8.1/Pebble/lib/libpebble.a(tmpL9Cjnwpebble.o)
 .text.animation_unschedule_all
                0x0000000000000000        0xc /Users/akilesh/pebble-dev/PebbleSDK-2.8.1/Pebble/lib/libpebble.a(tmpL9Cjnwpebble.o)
 .text.app_comm_get_sniff_interval
                0x0000000000000000        0xc /Users/akilesh/pebble-dev/PebbleSDK-2.8.1/Pebble/lib/libpebble.a(tmpL9Cjnwpebble.o)
 .text.app_comm_set_sniff_interval
                0x0000000000000000        0xc /Users/akilesh/pebble-dev/PebbleSDK-2.8.1/Pebble/lib/libpebble.a(tmpL9Cjnwpebble.o)
 .text.app_message_deregister_callbacks
                0x0000000000000000        0xc /Users/akilesh/pebble-dev/PebbleSDK-2.8.1/Pebble/lib/libpebble.a(tmpL9Cjnwpebble.o)
 .text.app_sync_deinit
                0x0000000000000000        0xc /Users/akilesh/pebble-dev/PebbleSDK-2.8.1/Pebble/lib/libpebble.a(tmpL9Cjnwpebble.o)
 .text.app_sync_get
                0x0000000000000000        0xc /Users/akilesh/pebble-dev/PebbleSDK-2.8.1/Pebble/lib/libpebble.a(tmpL9Cjnwpebble.o)
 .text.app_sync_init
                0x0000000000000000        0xc /Users/akilesh/pebble-dev/PebbleSDK-2.8.1/Pebble/lib/libpebble.a(tmpL9Cjnwpebble.o)
 .text.app_sync_set
                0x0000000000000000        0xc /Users/akilesh/pebble-dev/PebbleSDK-2.8.1/Pebble/lib/libpebble.a(tmpL9Cjnwpebble.o)
 .text.app_timer_cancel
                0x0000000000000000        0xc /Users/akilesh/pebble-dev/PebbleSDK-2.8.1/Pebble/lib/libpebble.a(tmpL9Cjnwpebble.o)
 .text.app_timer_register
                0x0000000000000000        0xc /Users/akilesh/pebble-dev/PebbleSDK-2.8.1/Pebble/lib/libpebble.a(tmpL9Cjnwpebble.o)
 .text.app_timer_reschedule
                0x0000000000000000        0xc /Users/akilesh/pebble-dev/PebbleSDK-2.8.1/Pebble/lib/libpebble.a(tmpL9Cjnwpebble.o)
 .text.atan2_lookup
                0x0000000000000000        0xc /Users/akilesh/pebble-dev/PebbleSDK-2.8.1/Pebble/lib/libpebble.a(tmpL9Cjnwpebble.o)
 .text.atoi     0x0000000000000000        0xc /Users/akilesh/pebble-dev/PebbleSDK-2.8.1/Pebble/lib/libpebble.a(tmpL9Cjnwpebble.o)
 .text.atol     0x0000000000000000        0xc /Users/akilesh/pebble-dev/PebbleSDK-2.8.1/Pebble/lib/libpebble.a(tmpL9Cjnwpebble.o)
 .text.battery_state_service_peek
                0x0000000000000000        0xc /Users/akilesh/pebble-dev/PebbleSDK-2.8.1/Pebble/lib/libpebble.a(tmpL9Cjnwpebble.o)
 .text.battery_state_service_subscribe
                0x0000000000000000        0xc /Users/akilesh/pebble-dev/PebbleSDK-2.8.1/Pebble/lib/libpebble.a(tmpL9Cjnwpebble.o)
 .text.battery_state_service_unsubscribe
                0x0000000000000000        0xc /Users/akilesh/pebble-dev/PebbleSDK-2.8.1/Pebble/lib/libpebble.a(tmpL9Cjnwpebble.o)
 .text.bitmap_layer_create
                0x0000000000000000        0xc /Users/akilesh/pebble-dev/PebbleSDK-2.8.1/Pebble/lib/libpebble.a(tmpL9Cjnwpebble.o)
 .text.bitmap_layer_destroy
                0x0000000000000000        0xc /Users/akilesh/pebble-dev/PebbleSDK-2.8.1/Pebble/lib/libpebble.a(tmpL9Cjnwpebble.o)
 .text.bitmap_layer_get_layer
                0x0000000000000000        0xc /Users/akilesh/pebble-dev/PebbleSDK-2.8.1/Pebble/lib/libpebble.a(tmpL9Cjnwpebble.o)
 .text.bitmap_layer_set_alignment
                0x0000000000000000        0xc /Users/akilesh/pebble-dev/PebbleSDK-2.8.1/Pebble/lib/libpebble.a(tmpL9Cjnwpebble.o)
 .text.bitmap_layer_set_background_color
                0x0000000000000000        0xc /Users/akilesh/pebble-dev/PebbleSDK-2.8.1/Pebble/lib/libpebble.a(tmpL9Cjnwpebble.o)
 .text.bitmap_layer_set_bitmap
                0x0000000000000000        0xc /Users/akilesh/pebble-dev/PebbleSDK-2.8.1/Pebble/lib/libpebble.a(tmpL9Cjnwpebble.o)
 .text.bitmap_layer_set_compositing_mode
                0x0000000000000000        0xc /Users/akilesh/pebble-dev/PebbleSDK-2.8.1/Pebble/lib/libpebble.a(tmpL9Cjnwpebble.o)
 .text.bluetooth_connection_service_peek
                0x0000000000000000        0xc /Users/akilesh/pebble-dev/PebbleSDK-2.8.1/Pebble/lib/libpebble.a(tmpL9Cjnwpebble.o)
 .text.bluetooth_connection_service_subscribe
                0x0000000000000000        0xc /Users/akilesh/pebble-dev/PebbleSDK-2.8.1/Pebble/lib/libpebble.a(tmpL9Cjnwpebble.o)
 .text.bluetooth_connection_service_unsubscribe
                0x0000000000000000        0xc /Users/akilesh/pebble-dev/PebbleSDK-2.8.1/Pebble/lib/libpebble.a(tmpL9Cjnwpebble.o)
 .text.click_number_of_clicks_counted
                0x0000000000000000        0xc /Users/akilesh/pebble-dev/PebbleSDK-2.8.1/Pebble/lib/libpebble.a(tmpL9Cjnwpebble.o)
 .text.click_recognizer_get_button_id
                0x0000000000000000        0xc /Users/akilesh/pebble-dev/PebbleSDK-2.8.1/Pebble/lib/libpebble.a(tmpL9Cjnwpebble.o)
 .text.clock_copy_time_string
                0x0000000000000000        0xc /Users/akilesh/pebble-dev/PebbleSDK-2.8.1/Pebble/lib/libpebble.a(tmpL9Cjnwpebble.o)
 .text.clock_is_24h_style
                0x0000000000000000        0xc /Users/akilesh/pebble-dev/PebbleSDK-2.8.1/Pebble/lib/libpebble.a(tmpL9Cjnwpebble.o)
 .text.cos_lookup
                0x0000000000000000        0xc /Users/akilesh/pebble-dev/PebbleSDK-2.8.1/Pebble/lib/libpebble.a(tmpL9Cjnwpebble.o)
 .text.data_logging_create
                0x0000000000000000        0xc /Users/akilesh/pebble-dev/PebbleSDK-2.8.1/Pebble/lib/libpebble.a(tmpL9Cjnwpebble.o)
 .text.data_logging_finish
                0x0000000000000000        0xc /Users/akilesh/pebble-dev/PebbleSDK-2.8.1/Pebble/lib/libpebble.a(tmpL9Cjnwpebble.o)
 .text.data_logging_log
                0x0000000000000000        0xc /Users/akilesh/pebble-dev/PebbleSDK-2.8.1/Pebble/lib/libpebble.a(tmpL9Cjnwpebble.o)
 .text.dict_calc_buffer_size
                0x0000000000000000        0xc /Users/akilesh/pebble-dev/PebbleSDK-2.8.1/Pebble/lib/libpebble.a(tmpL9Cjnwpebble.o)
 .text.dict_calc_buffer_size_from_tuplets
                0x0000000000000000        0xc /Users/akilesh/pebble-dev/PebbleSDK-2.8.1/Pebble/lib/libpebble.a(tmpL9Cjnwpebble.o)
 .text.dict_find
                0x0000000000000000        0xc /Users/akilesh/pebble-dev/PebbleSDK-2.8.1/Pebble/lib/libpebble.a(tmpL9Cjnwpebble.o)
 .text.dict_merge
                0x0000000000000000        0xc /Users/akilesh/pebble-dev/PebbleSDK-2.8.1/Pebble/lib/libpebble.a(tmpL9Cjnwpebble.o)
 .text.dict_read_begin_from_buffer
                0x0000000000000000        0xc /Users/akilesh/pebble-dev/PebbleSDK-2.8.1/Pebble/lib/libpebble.a(tmpL9Cjnwpebble.o)
 .text.dict_serialize_tuplets
                0x0000000000000000        0xc /Users/akilesh/pebble-dev/PebbleSDK-2.8.1/Pebble/lib/libpebble.a(tmpL9Cjnwpebble.o)
 .text.dict_serialize_tuplets_to_buffer__deprecated
                0x0000000000000000        0xc /Users/akilesh/pebble-dev/PebbleSDK-2.8.1/Pebble/lib/libpebble.a(tmpL9Cjnwpebble.o)
 .text.dict_serialize_tuplets_to_buffer_with_iter
                0x0000000000000000        0xc /Users/akilesh/pebble-dev/PebbleSDK-2.8.1/Pebble/lib/libpebble.a(tmpL9Cjnwpebble.o)
 .text.dict_write_begin
                0x0000000000000000        0xc /Users/akilesh/pebble-dev/PebbleSDK-2.8.1/Pebble/lib/libpebble.a(tmpL9Cjnwpebble.o)
 .text.dict_write_data
                0x0000000000000000        0xc /Users/akilesh/pebble-dev/PebbleSDK-2.8.1/Pebble/lib/libpebble.a(tmpL9Cjnwpebble.o)
 .text.dict_write_end
                0x0000000000000000        0xc /Users/akilesh/pebble-dev/PebbleSDK-2.8.1/Pebble/lib/libpebble.a(tmpL9Cjnwpebble.o)
 .text.dict_write_int
                0x0000000000000000        0xc /Users/akilesh/pebble-dev/PebbleSDK-2.8.1/Pebble/lib/libpebble.a(tmpL9Cjnwpebble.o)
 .text.dict_write_int16
                0x0000000000000000        0xc /Users/akilesh/pebble-dev/PebbleSDK-2.8.1/Pebble/lib/libpebble.a(tmpL9Cjnwpebble.o)
 .text.dict_write_int32
                0x0000000000000000        0xc /Users/akilesh/pebble-dev/PebbleSDK-2.8.1/Pebble/lib/libpebble.a(tmpL9Cjnwpebble.o)
 .text.dict_write_int8
                0x0000000000000000        0xc /Users/akilesh/pebble-dev/PebbleSDK-2.8.1/Pebble/lib/libpebble.a(tmpL9Cjnwpebble.o)
 .text.dict_write_tuplet
                0x0000000000000000        0xc /Users/akilesh/pebble-dev/PebbleSDK-2.8.1/Pebble/lib/libpebble.a(tmpL9Cjnwpebble.o)
 .text.dict_write_uint16
                0x0000000000000000        0xc /Users/akilesh/pebble-dev/PebbleSDK-2.8.1/Pebble/lib/libpebble.a(tmpL9Cjnwpebble.o)
 .text.dict_write_uint32
                0x0000000000000000        0xc /Users/akilesh/pebble-dev/PebbleSDK-2.8.1/Pebble/lib/libpebble.a(tmpL9Cjnwpebble.o)
 .text.dict_write_uint8
                0x0000000000000000        0xc /Users/akilesh/pebble-dev/PebbleSDK-2.8.1/Pebble/lib/libpebble.a(tmpL9Cjnwpebble.o)
 .text.fonts_load_custom_font
                0x0000000000000000        0xc /Users/akilesh/pebble-dev/PebbleSDK-2.8.1/Pebble/lib/libpebble.a(tmpL9Cjnwpebble.o)
 .text.fonts_unload_custom_font
                0x0000000000000000        0xc /Users/akilesh/pebble-dev/PebbleSDK-2.8.1/Pebble/lib/libpebble.a(tmpL9Cjnwpebble.o)
 .text.free     0x0000000000000000        0xc /Users/akilesh/pebble-dev/PebbleSDK-2.8.1/Pebble/lib/libpebble.a(tmpL9Cjnwpebble.o)
 .text.gbitmap_create_as_sub_bitmap
                0x0000000000000000        0xc /Users/akilesh/pebble-dev/PebbleSDK-2.8.1/Pebble/lib/libpebble.a(tmpL9Cjnwpebble.o)
 .text.gbitmap_create_with_data
                0x0000000000000000        0xc /Users/akilesh/pebble-dev/PebbleSDK-2.8.1/Pebble/lib/libpebble.a(tmpL9Cjnwpebble.o)
 .text.gbitmap_create_with_resource
                0x0000000000000000        0xc /Users/akilesh/pebble-dev/PebbleSDK-2.8.1/Pebble/lib/libpebble.a(tmpL9Cjnwpebble.o)
 .text.gbitmap_destroy
                0x0000000000000000        0xc /Users/akilesh/pebble-dev/PebbleSDK-2.8.1/Pebble/lib/libpebble.a(tmpL9Cjnwpebble.o)
 .text.gmtime   0x0000000000000000        0xc /Users/akilesh/pebble-dev/PebbleSDK-2.8.1/Pebble/lib/libpebble.a(tmpL9Cjnwpebble.o)
 .text.gpath_create
                0x0000000000000000        0xc /Users/akilesh/pebble-dev/PebbleSDK-2.8.1/Pebble/lib/libpebble.a(tmpL9Cjnwpebble.o)
 .text.gpath_destroy
                0x0000000000000000        0xc /Users/akilesh/pebble-dev/PebbleSDK-2.8.1/Pebble/lib/libpebble.a(tmpL9Cjnwpebble.o)
 .text.gpath_draw_filled_legacy
                0x0000000000000000        0xc /Users/akilesh/pebble-dev/PebbleSDK-2.8.1/Pebble/lib/libpebble.a(tmpL9Cjnwpebble.o)
 .text.gpath_draw_outline
                0x0000000000000000        0xc /Users/akilesh/pebble-dev/PebbleSDK-2.8.1/Pebble/lib/libpebble.a(tmpL9Cjnwpebble.o)
 .text.gpath_move_to
                0x0000000000000000        0xc /Users/akilesh/pebble-dev/PebbleSDK-2.8.1/Pebble/lib/libpebble.a(tmpL9Cjnwpebble.o)
 .text.gpath_rotate_to
                0x0000000000000000        0xc /Users/akilesh/pebble-dev/PebbleSDK-2.8.1/Pebble/lib/libpebble.a(tmpL9Cjnwpebble.o)
 .text.gpoint_equal
                0x0000000000000000        0xc /Users/akilesh/pebble-dev/PebbleSDK-2.8.1/Pebble/lib/libpebble.a(tmpL9Cjnwpebble.o)
 .text.graphics_context_set_compositing_mode
                0x0000000000000000        0xc /Users/akilesh/pebble-dev/PebbleSDK-2.8.1/Pebble/lib/libpebble.a(tmpL9Cjnwpebble.o)
 .text.graphics_context_set_fill_color
                0x0000000000000000        0xc /Users/akilesh/pebble-dev/PebbleSDK-2.8.1/Pebble/lib/libpebble.a(tmpL9Cjnwpebble.o)
 .text.graphics_context_set_stroke_color
                0x0000000000000000        0xc /Users/akilesh/pebble-dev/PebbleSDK-2.8.1/Pebble/lib/libpebble.a(tmpL9Cjnwpebble.o)
 .text.graphics_context_set_text_color
                0x0000000000000000        0xc /Users/akilesh/pebble-dev/PebbleSDK-2.8.1/Pebble/lib/libpebble.a(tmpL9Cjnwpebble.o)
 .text.graphics_draw_bitmap_in_rect
                0x0000000000000000        0xc /Users/akilesh/pebble-dev/PebbleSDK-2.8.1/Pebble/lib/libpebble.a(tmpL9Cjnwpebble.o)
 .text.graphics_draw_circle
                0x0000000000000000        0xc /Users/akilesh/pebble-dev/PebbleSDK-2.8.1/Pebble/lib/libpebble.a(tmpL9Cjnwpebble.o)
 .text.graphics_draw_line
                0x0000000000000000        0xc /Users/akilesh/pebble-dev/PebbleSDK-2.8.1/Pebble/lib/libpebble.a(tmpL9Cjnwpebble.o)
 .text.graphics_draw_pixel
                0x0000000000000000        0xc /Users/akilesh/pebble-dev/PebbleSDK-2.8.1/Pebble/lib/libpebble.a(tmpL9Cjnwpebble.o)
 .text.graphics_draw_rect
                0x0000000000000000        0xc /Users/akilesh/pebble-dev/PebbleSDK-2.8.1/Pebble/lib/libpebble.a(tmpL9Cjnwpebble.o)
 .text.graphics_draw_round_rect
                0x0000000000000000        0xc /Users/akilesh/pebble-dev/PebbleSDK-2.8.1/Pebble/lib/libpebble.a(tmpL9Cjnwpebble.o)
 .text.graphics_fill_circle
                0x0000000000000000        0xc /Users/akilesh/pebble-dev/PebbleSDK-2.8.1/Pebble/lib/libpebble.a(tmpL9Cjnwpebble.o)
 .text.graphics_fill_rect
                0x0000000000000000        0xc /Users/akilesh/pebble-dev/PebbleSDK-2.8.1/Pebble/lib/libpebble.a(tmpL9Cjnwpebble.o)
 .text.graphics_text_layout_get_max_used_size
                0x0000000000000000        0xc /Users/akilesh/pebble-dev/PebbleSDK-2.8.1/Pebble/lib/libpebble.a(tmpL9Cjnwpebble.o)
 .text.grect_align
                0x0000000000000000        0xc /Users/akilesh/pebble-dev/PebbleSDK-2.8.1/Pebble/lib/libpebble.a(tmpL9Cjnwpebble.o)
 .text.grect_center_point
                0x0000000000000000        0xc /Users/akilesh/pebble-dev/PebbleSDK-2.8.1/Pebble/lib/libpebble.a(tmpL9Cjnwpebble.o)
 .text.grect_clip
                0x0000000000000000        0xc /Users/akilesh/pebble-dev/PebbleSDK-2.8.1/Pebble/lib/libpebble.a(tmpL9Cjnwpebble.o)
 .text.grect_contains_point
                0x0000000000000000        0xc /Users/akilesh/pebble-dev/PebbleSDK-2.8.1/Pebble/lib/libpebble.a(tmpL9Cjnwpebble.o)
 .text.grect_crop
                0x0000000000000000        0xc /Users/akilesh/pebble-dev/PebbleSDK-2.8.1/Pebble/lib/libpebble.a(tmpL9Cjnwpebble.o)
 .text.grect_equal
                0x0000000000000000        0xc /Users/akilesh/pebble-dev/PebbleSDK-2.8.1/Pebble/lib/libpebble.a(tmpL9Cjnwpebble.o)
 .text.grect_is_empty
                0x0000000000000000        0xc /Users/akilesh/pebble-dev/PebbleSDK-2.8.1/Pebble/lib/libpebble.a(tmpL9Cjnwpebble.o)
 .text.grect_standardize
                0x0000000000000000        0xc /Users/akilesh/pebble-dev/PebbleSDK-2.8.1/Pebble/lib/libpebble.a(tmpL9Cjnwpebble.o)
 .text.gsize_equal
                0x0000000000000000        0xc /Users/akilesh/pebble-dev/PebbleSDK-2.8.1/Pebble/lib/libpebble.a(tmpL9Cjnwpebble.o)
 .text.inverter_layer_create
                0x0000000000000000        0xc /Users/akilesh/pebble-dev/PebbleSDK-2.8.1/Pebble/lib/libpebble.a(tmpL9Cjnwpebble.o)
 .text.inverter_layer_destroy
                0x0000000000000000        0xc /Users/akilesh/pebble-dev/PebbleSDK-2.8.1/Pebble/lib/libpebble.a(tmpL9Cjnwpebble.o)
 .text.inverter_layer_get_layer
                0x0000000000000000        0xc /Users/akilesh/pebble-dev/PebbleSDK-2.8.1/Pebble/lib/libpebble.a(tmpL9Cjnwpebble.o)
 .text.layer_create
                0x0000000000000000        0xc /Users/akilesh/pebble-dev/PebbleSDK-2.8.1/Pebble/lib/libpebble.a(tmpL9Cjnwpebble.o)
 .text.layer_create_with_data
                0x0000000000000000        0xc /Users/akilesh/pebble-dev/PebbleSDK-2.8.1/Pebble/lib/libpebble.a(tmpL9Cjnwpebble.o)
 .text.layer_destroy
                0x0000000000000000        0xc /Users/akilesh/pebble-dev/PebbleSDK-2.8.1/Pebble/lib/libpebble.a(tmpL9Cjnwpebble.o)
 .text.layer_get_clips
                0x0000000000000000        0xc /Users/akilesh/pebble-dev/PebbleSDK-2.8.1/Pebble/lib/libpebble.a(tmpL9Cjnwpebble.o)
 .text.layer_get_data
                0x0000000000000000        0xc /Users/akilesh/pebble-dev/PebbleSDK-2.8.1/Pebble/lib/libpebble.a(tmpL9Cjnwpebble.o)
 .text.layer_get_frame
                0x0000000000000000        0xc /Users/akilesh/pebble-dev/PebbleSDK-2.8.1/Pebble/lib/libpebble.a(tmpL9Cjnwpebble.o)
 .text.layer_get_hidden
                0x0000000000000000        0xc /Users/akilesh/pebble-dev/PebbleSDK-2.8.1/Pebble/lib/libpebble.a(tmpL9Cjnwpebble.o)
 .text.layer_get_window
                0x0000000000000000        0xc /Users/akilesh/pebble-dev/PebbleSDK-2.8.1/Pebble/lib/libpebble.a(tmpL9Cjnwpebble.o)
 .text.layer_insert_above_sibling
                0x0000000000000000        0xc /Users/akilesh/pebble-dev/PebbleSDK-2.8.1/Pebble/lib/libpebble.a(tmpL9Cjnwpebble.o)
 .text.layer_insert_below_sibling
                0x0000000000000000        0xc /Users/akilesh/pebble-dev/PebbleSDK-2.8.1/Pebble/lib/libpebble.a(tmpL9Cjnwpebble.o)
 .text.layer_mark_dirty
                0x0000000000000000        0xc /Users/akilesh/pebble-dev/PebbleSDK-2.8.1/Pebble/lib/libpebble.a(tmpL9Cjnwpebble.o)
 .text.layer_remove_child_layers
                0x0000000000000000        0xc /Users/akilesh/pebble-dev/PebbleSDK-2.8.1/Pebble/lib/libpebble.a(tmpL9Cjnwpebble.o)
 .text.layer_set_bounds
                0x0000000000000000        0xc /Users/akilesh/pebble-dev/PebbleSDK-2.8.1/Pebble/lib/libpebble.a(tmpL9Cjnwpebble.o)
 .text.layer_set_clips
                0x0000000000000000        0xc /Users/akilesh/pebble-dev/PebbleSDK-2.8.1/Pebble/lib/libpebble.a(tmpL9Cjnwpebble.o)
 .text.layer_set_frame
                0x0000000000000000        0xc /Users/akilesh/pebble-dev/PebbleSDK-2.8.1/Pebble/lib/libpebble.a(tmpL9Cjnwpebble.o)
 .text.layer_set_hidden
                0x0000000000000000        0xc /Users/akilesh/pebble-dev/PebbleSDK-2.8.1/Pebble/lib/libpebble.a(tmpL9Cjnwpebble.o)
 .text.layer_set_update_proc
                0x0000000000000000        0xc /Users/akilesh/pebble-dev/PebbleSDK-2.8.1/Pebble/lib/libpebble.a(tmpL9Cjnwpebble.o)
 .text.light_enable
                0x0000000000000000        0xc /Users/akilesh/pebble-dev/PebbleSDK-2.8.1/Pebble/lib/libpebble.a(tmpL9Cjnwpebble.o)
 .text.light_enable_interaction
                0x0000000000000000        0xc /Users/akilesh/pebble-dev/PebbleSDK-2.8.1/Pebble/lib/libpebble.a(tmpL9Cjnwpebble.o)
 .text.localtime
                0x0000000000000000        0xc /Users/akilesh/pebble-dev/PebbleSDK-2.8.1/Pebble/lib/libpebble.a(tmpL9Cjnwpebble.o)
 .text.malloc   0x0000000000000000        0xc /Users/akilesh/pebble-dev/PebbleSDK-2.8.1/Pebble/lib/libpebble.a(tmpL9Cjnwpebble.o)
 .text.memcpy   0x0000000000000000        0xc /Users/akilesh/pebble-dev/PebbleSDK-2.8.1/Pebble/lib/libpebble.a(tmpL9Cjnwpebble.o)
 .text.memmove  0x0000000000000000        0xc /Users/akilesh/pebble-dev/PebbleSDK-2.8.1/Pebble/lib/libpebble.a(tmpL9Cjnwpebble.o)
 .text.menu_cell_basic_draw
                0x0000000000000000        0xc /Users/akilesh/pebble-dev/PebbleSDK-2.8.1/Pebble/lib/libpebble.a(tmpL9Cjnwpebble.o)
 .text.menu_cell_basic_header_draw
                0x0000000000000000        0xc /Users/akilesh/pebble-dev/PebbleSDK-2.8.1/Pebble/lib/libpebble.a(tmpL9Cjnwpebble.o)
 .text.menu_cell_title_draw
                0x0000000000000000        0xc /Users/akilesh/pebble-dev/PebbleSDK-2.8.1/Pebble/lib/libpebble.a(tmpL9Cjnwpebble.o)
 .text.menu_index_compare
                0x0000000000000000        0xc /Users/akilesh/pebble-dev/PebbleSDK-2.8.1/Pebble/lib/libpebble.a(tmpL9Cjnwpebble.o)
 .text.menu_layer_create
                0x0000000000000000        0xc /Users/akilesh/pebble-dev/PebbleSDK-2.8.1/Pebble/lib/libpebble.a(tmpL9Cjnwpebble.o)
 .text.menu_layer_destroy
                0x0000000000000000        0xc /Users/akilesh/pebble-dev/PebbleSDK-2.8.1/Pebble/lib/libpebble.a(tmpL9Cjnwpebble.o)
 .text.menu_layer_get_layer
                0x0000000000000000        0xc /Users/akilesh/pebble-dev/PebbleSDK-2.8.1/Pebble/lib/libpebble.a(tmpL9Cjnwpebble.o)
 .text.menu_layer_get_scroll_layer
                0x0000000000000000        0xc /Users/akilesh/pebble-dev/PebbleSDK-2.8.1/Pebble/lib/libpebble.a(tmpL9Cjnwpebble.o)
 .text.menu_layer_get_selected_index
                0x0000000000000000        0xc /Users/akilesh/pebble-dev/PebbleSDK-2.8.1/Pebble/lib/libpebble.a(tmpL9Cjnwpebble.o)
 .text.menu_layer_reload_data
                0x0000000000000000        0xc /Users/akilesh/pebble-dev/PebbleSDK-2.8.1/Pebble/lib/libpebble.a(tmpL9Cjnwpebble.o)
 .text.menu_layer_set_callbacks__deprecated
                0x0000000000000000        0xc /Users/akilesh/pebble-dev/PebbleSDK-2.8.1/Pebble/lib/libpebble.a(tmpL9Cjnwpebble.o)
 .text.menu_layer_set_click_config_onto_window
                0x0000000000000000        0xc /Users/akilesh/pebble-dev/PebbleSDK-2.8.1/Pebble/lib/libpebble.a(tmpL9Cjnwpebble.o)
 .text.menu_layer_set_selected_index
                0x0000000000000000        0xc /Users/akilesh/pebble-dev/PebbleSDK-2.8.1/Pebble/lib/libpebble.a(tmpL9Cjnwpebble.o)
 .text.menu_layer_set_selected_next
                0x0000000000000000        0xc /Users/akilesh/pebble-dev/PebbleSDK-2.8.1/Pebble/lib/libpebble.a(tmpL9Cjnwpebble.o)
 .text.number_window_create
                0x0000000000000000        0xc /Users/akilesh/pebble-dev/PebbleSDK-2.8.1/Pebble/lib/libpebble.a(tmpL9Cjnwpebble.o)
 .text.number_window_destroy
                0x0000000000000000        0xc /Users/akilesh/pebble-dev/PebbleSDK-2.8.1/Pebble/lib/libpebble.a(tmpL9Cjnwpebble.o)
 .text.number_window_get_value
                0x0000000000000000        0xc /Users/akilesh/pebble-dev/PebbleSDK-2.8.1/Pebble/lib/libpebble.a(tmpL9Cjnwpebble.o)
 .text.number_window_set_label
                0x0000000000000000        0xc /Users/akilesh/pebble-dev/PebbleSDK-2.8.1/Pebble/lib/libpebble.a(tmpL9Cjnwpebble.o)
 .text.number_window_set_max
                0x0000000000000000        0xc /Users/akilesh/pebble-dev/PebbleSDK-2.8.1/Pebble/lib/libpebble.a(tmpL9Cjnwpebble.o)
 .text.number_window_set_min
                0x0000000000000000        0xc /Users/akilesh/pebble-dev/PebbleSDK-2.8.1/Pebble/lib/libpebble.a(tmpL9Cjnwpebble.o)
 .text.number_window_set_step_size
                0x0000000000000000        0xc /Users/akilesh/pebble-dev/PebbleSDK-2.8.1/Pebble/lib/libpebble.a(tmpL9Cjnwpebble.o)
 .text.number_window_set_value
                0x0000000000000000        0xc /Users/akilesh/pebble-dev/PebbleSDK-2.8.1/Pebble/lib/libpebble.a(tmpL9Cjnwpebble.o)
 .text.persist_delete
                0x0000000000000000        0xc /Users/akilesh/pebble-dev/PebbleSDK-2.8.1/Pebble/lib/libpebble.a(tmpL9Cjnwpebble.o)
 .text.persist_exists
                0x0000000000000000        0xc /Users/akilesh/pebble-dev/PebbleSDK-2.8.1/Pebble/lib/libpebble.a(tmpL9Cjnwpebble.o)
 .text.persist_get_size
                0x0000000000000000        0xc /Users/akilesh/pebble-dev/PebbleSDK-2.8.1/Pebble/lib/libpebble.a(tmpL9Cjnwpebble.o)
 .text.persist_read_bool
                0x0000000000000000        0xc /Users/akilesh/pebble-dev/PebbleSDK-2.8.1/Pebble/lib/libpebble.a(tmpL9Cjnwpebble.o)
 .text.persist_read_data__deprecated
                0x0000000000000000        0xc /Users/akilesh/pebble-dev/PebbleSDK-2.8.1/Pebble/lib/libpebble.a(tmpL9Cjnwpebble.o)
 .text.persist_read_int
                0x0000000000000000        0xc /Users/akilesh/pebble-dev/PebbleSDK-2.8.1/Pebble/lib/libpebble.a(tmpL9Cjnwpebble.o)
 .text.persist_read_string__deprecated
                0x0000000000000000        0xc /Users/akilesh/pebble-dev/PebbleSDK-2.8.1/Pebble/lib/libpebble.a(tmpL9Cjnwpebble.o)
 .text.persist_write_bool
                0x0000000000000000        0xc /Users/akilesh/pebble-dev/PebbleSDK-2.8.1/Pebble/lib/libpebble.a(tmpL9Cjnwpebble.o)
 .text.persist_write_data__deprecated
                0x0000000000000000        0xc /Users/akilesh/pebble-dev/PebbleSDK-2.8.1/Pebble/lib/libpebble.a(tmpL9Cjnwpebble.o)
 .text.persist_write_int
                0x0000000000000000        0xc /Users/akilesh/pebble-dev/PebbleSDK-2.8.1/Pebble/lib/libpebble.a(tmpL9Cjnwpebble.o)
 .text.persist_write_string
                0x0000000000000000        0xc /Users/akilesh/pebble-dev/PebbleSDK-2.8.1/Pebble/lib/libpebble.a(tmpL9Cjnwpebble.o)
 .text.property_animation_create
                0x0000000000000000        0xc /Users/akilesh/pebble-dev/PebbleSDK-2.8.1/Pebble/lib/libpebble.a(tmpL9Cjnwpebble.o)
 .text.property_animation_create_layer_frame
                0x0000000000000000        0xc /Users/akilesh/pebble-dev/PebbleSDK-2.8.1/Pebble/lib/libpebble.a(tmpL9Cjnwpebble.o)
 .text.property_animation_destroy
                0x0000000000000000        0xc /Users/akilesh/pebble-dev/PebbleSDK-2.8.1/Pebble/lib/libpebble.a(tmpL9Cjnwpebble.o)
 .text.property_animation_update_gpoint
                0x0000000000000000        0xc /Users/akilesh/pebble-dev/PebbleSDK-2.8.1/Pebble/lib/libpebble.a(tmpL9Cjnwpebble.o)
 .text.property_animation_update_grect
                0x0000000000000000        0xc /Users/akilesh/pebble-dev/PebbleSDK-2.8.1/Pebble/lib/libpebble.a(tmpL9Cjnwpebble.o)
 .text.property_animation_update_int16
                0x0000000000000000        0xc /Users/akilesh/pebble-dev/PebbleSDK-2.8.1/Pebble/lib/libpebble.a(tmpL9Cjnwpebble.o)
 .text.psleep   0x0000000000000000        0xc /Users/akilesh/pebble-dev/PebbleSDK-2.8.1/Pebble/lib/libpebble.a(tmpL9Cjnwpebble.o)
 .text.rand     0x0000000000000000        0xc /Users/akilesh/pebble-dev/PebbleSDK-2.8.1/Pebble/lib/libpebble.a(tmpL9Cjnwpebble.o)
 .text.resource_get_handle
                0x0000000000000000        0xc /Users/akilesh/pebble-dev/PebbleSDK-2.8.1/Pebble/lib/libpebble.a(tmpL9Cjnwpebble.o)
 .text.resource_load
                0x0000000000000000        0xc /Users/akilesh/pebble-dev/PebbleSDK-2.8.1/Pebble/lib/libpebble.a(tmpL9Cjnwpebble.o)
 .text.resource_load_byte_range
                0x0000000000000000        0xc /Users/akilesh/pebble-dev/PebbleSDK-2.8.1/Pebble/lib/libpebble.a(tmpL9Cjnwpebble.o)
 .text.resource_size
                0x0000000000000000        0xc /Users/akilesh/pebble-dev/PebbleSDK-2.8.1/Pebble/lib/libpebble.a(tmpL9Cjnwpebble.o)
 .text.rot_bitmap_layer_create
                0x0000000000000000        0xc /Users/akilesh/pebble-dev/PebbleSDK-2.8.1/Pebble/lib/libpebble.a(tmpL9Cjnwpebble.o)
 .text.rot_bitmap_layer_destroy
                0x0000000000000000        0xc /Users/akilesh/pebble-dev/PebbleSDK-2.8.1/Pebble/lib/libpebble.a(tmpL9Cjnwpebble.o)
 .text.rot_bitmap_layer_increment_angle
                0x0000000000000000        0xc /Users/akilesh/pebble-dev/PebbleSDK-2.8.1/Pebble/lib/libpebble.a(tmpL9Cjnwpebble.o)
 .text.rot_bitmap_layer_set_angle
                0x0000000000000000        0xc /Users/akilesh/pebble-dev/PebbleSDK-2.8.1/Pebble/lib/libpebble.a(tmpL9Cjnwpebble.o)
 .text.rot_bitmap_layer_set_corner_clip_color
                0x0000000000000000        0xc /Users/akilesh/pebble-dev/PebbleSDK-2.8.1/Pebble/lib/libpebble.a(tmpL9Cjnwpebble.o)
 .text.rot_bitmap_set_compositing_mode
                0x0000000000000000        0xc /Users/akilesh/pebble-dev/PebbleSDK-2.8.1/Pebble/lib/libpebble.a(tmpL9Cjnwpebble.o)
 .text.rot_bitmap_set_src_ic
                0x0000000000000000        0xc /Users/akilesh/pebble-dev/PebbleSDK-2.8.1/Pebble/lib/libpebble.a(tmpL9Cjnwpebble.o)
 .text.scroll_layer_add_child
                0x0000000000000000        0xc /Users/akilesh/pebble-dev/PebbleSDK-2.8.1/Pebble/lib/libpebble.a(tmpL9Cjnwpebble.o)
 .text.scroll_layer_create
                0x0000000000000000        0xc /Users/akilesh/pebble-dev/PebbleSDK-2.8.1/Pebble/lib/libpebble.a(tmpL9Cjnwpebble.o)
 .text.scroll_layer_destroy
                0x0000000000000000        0xc /Users/akilesh/pebble-dev/PebbleSDK-2.8.1/Pebble/lib/libpebble.a(tmpL9Cjnwpebble.o)
 .text.scroll_layer_get_content_offset
                0x0000000000000000        0xc /Users/akilesh/pebble-dev/PebbleSDK-2.8.1/Pebble/lib/libpebble.a(tmpL9Cjnwpebble.o)
 .text.scroll_layer_get_content_size
                0x0000000000000000        0xc /Users/akilesh/pebble-dev/PebbleSDK-2.8.1/Pebble/lib/libpebble.a(tmpL9Cjnwpebble.o)
 .text.scroll_layer_get_layer
                0x0000000000000000        0xc /Users/akilesh/pebble-dev/PebbleSDK-2.8.1/Pebble/lib/libpebble.a(tmpL9Cjnwpebble.o)
 .text.scroll_layer_get_shadow_hidden
                0x0000000000000000        0xc /Users/akilesh/pebble-dev/PebbleSDK-2.8.1/Pebble/lib/libpebble.a(tmpL9Cjnwpebble.o)
 .text.scroll_layer_scroll_down_click_handler
                0x0000000000000000        0xc /Users/akilesh/pebble-dev/PebbleSDK-2.8.1/Pebble/lib/libpebble.a(tmpL9Cjnwpebble.o)
 .text.scroll_layer_scroll_up_click_handler
                0x0000000000000000        0xc /Users/akilesh/pebble-dev/PebbleSDK-2.8.1/Pebble/lib/libpebble.a(tmpL9Cjnwpebble.o)
 .text.scroll_layer_set_callbacks
                0x0000000000000000        0xc /Users/akilesh/pebble-dev/PebbleSDK-2.8.1/Pebble/lib/libpebble.a(tmpL9Cjnwpebble.o)
 .text.scroll_layer_set_click_config_onto_window
                0x0000000000000000        0xc /Users/akilesh/pebble-dev/PebbleSDK-2.8.1/Pebble/lib/libpebble.a(tmpL9Cjnwpebble.o)
 .text.scroll_layer_set_content_offset
                0x0000000000000000        0xc /Users/akilesh/pebble-dev/PebbleSDK-2.8.1/Pebble/lib/libpebble.a(tmpL9Cjnwpebble.o)
 .text.scroll_layer_set_content_size
                0x0000000000000000        0xc /Users/akilesh/pebble-dev/PebbleSDK-2.8.1/Pebble/lib/libpebble.a(tmpL9Cjnwpebble.o)
 .text.scroll_layer_set_context
                0x0000000000000000        0xc /Users/akilesh/pebble-dev/PebbleSDK-2.8.1/Pebble/lib/libpebble.a(tmpL9Cjnwpebble.o)
 .text.scroll_layer_set_frame
                0x0000000000000000        0xc /Users/akilesh/pebble-dev/PebbleSDK-2.8.1/Pebble/lib/libpebble.a(tmpL9Cjnwpebble.o)
 .text.scroll_layer_set_shadow_hidden
                0x0000000000000000        0xc /Users/akilesh/pebble-dev/PebbleSDK-2.8.1/Pebble/lib/libpebble.a(tmpL9Cjnwpebble.o)
 .text.simple_menu_layer_create
                0x0000000000000000        0xc /Users/akilesh/pebble-dev/PebbleSDK-2.8.1/Pebble/lib/libpebble.a(tmpL9Cjnwpebble.o)
 .text.simple_menu_layer_destroy
                0x0000000000000000        0xc /Users/akilesh/pebble-dev/PebbleSDK-2.8.1/Pebble/lib/libpebble.a(tmpL9Cjnwpebble.o)
 .text.simple_menu_layer_get_layer
                0x0000000000000000        0xc /Users/akilesh/pebble-dev/PebbleSDK-2.8.1/Pebble/lib/libpebble.a(tmpL9Cjnwpebble.o)
 .text.simple_menu_layer_get_selected_index
                0x0000000000000000        0xc /Users/akilesh/pebble-dev/PebbleSDK-2.8.1/Pebble/lib/libpebble.a(tmpL9Cjnwpebble.o)
 .text.simple_menu_layer_set_selected_index
                0x0000000000000000        0xc /Users/akilesh/pebble-dev/PebbleSDK-2.8.1/Pebble/lib/libpebble.a(tmpL9Cjnwpebble.o)
 .text.sin_lookup
                0x0000000000000000        0xc /Users/akilesh/pebble-dev/PebbleSDK-2.8.1/Pebble/lib/libpebble.a(tmpL9Cjnwpebble.o)
 .text.srand    0x0000000000000000        0xc /Users/akilesh/pebble-dev/PebbleSDK-2.8.1/Pebble/lib/libpebble.a(tmpL9Cjnwpebble.o)
 .text.strcat   0x0000000000000000        0xc /Users/akilesh/pebble-dev/PebbleSDK-2.8.1/Pebble/lib/libpebble.a(tmpL9Cjnwpebble.o)
 .text.strcmp   0x0000000000000000        0xc /Users/akilesh/pebble-dev/PebbleSDK-2.8.1/Pebble/lib/libpebble.a(tmpL9Cjnwpebble.o)
 .text.strcpy   0x0000000000000000        0xc /Users/akilesh/pebble-dev/PebbleSDK-2.8.1/Pebble/lib/libpebble.a(tmpL9Cjnwpebble.o)
 .text.strftime
                0x0000000000000000        0xc /Users/akilesh/pebble-dev/PebbleSDK-2.8.1/Pebble/lib/libpebble.a(tmpL9Cjnwpebble.o)
 .text.strlen   0x0000000000000000        0xc /Users/akilesh/pebble-dev/PebbleSDK-2.8.1/Pebble/lib/libpebble.a(tmpL9Cjnwpebble.o)
 .text.strncat  0x0000000000000000        0xc /Users/akilesh/pebble-dev/PebbleSDK-2.8.1/Pebble/lib/libpebble.a(tmpL9Cjnwpebble.o)
 .text.strncmp  0x0000000000000000        0xc /Users/akilesh/pebble-dev/PebbleSDK-2.8.1/Pebble/lib/libpebble.a(tmpL9Cjnwpebble.o)
 .text.strncpy  0x0000000000000000        0xc /Users/akilesh/pebble-dev/PebbleSDK-2.8.1/Pebble/lib/libpebble.a(tmpL9Cjnwpebble.o)
 .text.text_layer_get_content_size
                0x0000000000000000        0xc /Users/akilesh/pebble-dev/PebbleSDK-2.8.1/Pebble/lib/libpebble.a(tmpL9Cjnwpebble.o)
 .text.text_layer_get_text
                0x0000000000000000        0xc /Users/akilesh/pebble-dev/PebbleSDK-2.8.1/Pebble/lib/libpebble.a(tmpL9Cjnwpebble.o)
 .text.text_layer_set_background_color
                0x0000000000000000        0xc /Users/akilesh/pebble-dev/PebbleSDK-2.8.1/Pebble/lib/libpebble.a(tmpL9Cjnwpebble.o)
 .text.text_layer_set_overflow_mode
                0x0000000000000000        0xc /Users/akilesh/pebble-dev/PebbleSDK-2.8.1/Pebble/lib/libpebble.a(tmpL9Cjnwpebble.o)
 .text.text_layer_set_size
                0x0000000000000000        0xc /Users/akilesh/pebble-dev/PebbleSDK-2.8.1/Pebble/lib/libpebble.a(tmpL9Cjnwpebble.o)
 .text.text_layer_set_text_color
                0x0000000000000000        0xc /Users/akilesh/pebble-dev/PebbleSDK-2.8.1/Pebble/lib/libpebble.a(tmpL9Cjnwpebble.o)
 .text.tick_timer_service_subscribe
                0x0000000000000000        0xc /Users/akilesh/pebble-dev/PebbleSDK-2.8.1/Pebble/lib/libpebble.a(tmpL9Cjnwpebble.o)
 .text.tick_timer_service_unsubscribe
                0x0000000000000000        0xc /Users/akilesh/pebble-dev/PebbleSDK-2.8.1/Pebble/lib/libpebble.a(tmpL9Cjnwpebble.o)
 .text.time     0x0000000000000000        0xc /Users/akilesh/pebble-dev/PebbleSDK-2.8.1/Pebble/lib/libpebble.a(tmpL9Cjnwpebble.o)
 .text.time_ms  0x0000000000000000        0xc /Users/akilesh/pebble-dev/PebbleSDK-2.8.1/Pebble/lib/libpebble.a(tmpL9Cjnwpebble.o)
 .text.vibes_cancel
                0x0000000000000000        0xc /Users/akilesh/pebble-dev/PebbleSDK-2.8.1/Pebble/lib/libpebble.a(tmpL9Cjnwpebble.o)
 .text.vibes_double_pulse
                0x0000000000000000        0xc /Users/akilesh/pebble-dev/PebbleSDK-2.8.1/Pebble/lib/libpebble.a(tmpL9Cjnwpebble.o)
 .text.vibes_enqueue_custom_pattern
                0x0000000000000000        0xc /Users/akilesh/pebble-dev/PebbleSDK-2.8.1/Pebble/lib/libpebble.a(tmpL9Cjnwpebble.o)
 .text.vibes_long_pulse
                0x0000000000000000        0xc /Users/akilesh/pebble-dev/PebbleSDK-2.8.1/Pebble/lib/libpebble.a(tmpL9Cjnwpebble.o)
 .text.window_get_click_config_provider
                0x0000000000000000        0xc /Users/akilesh/pebble-dev/PebbleSDK-2.8.1/Pebble/lib/libpebble.a(tmpL9Cjnwpebble.o)
 .text.window_get_fullscreen
                0x0000000000000000        0xc /Users/akilesh/pebble-dev/PebbleSDK-2.8.1/Pebble/lib/libpebble.a(tmpL9Cjnwpebble.o)
 .text.window_is_loaded
                0x0000000000000000        0xc /Users/akilesh/pebble-dev/PebbleSDK-2.8.1/Pebble/lib/libpebble.a(tmpL9Cjnwpebble.o)
 .text.window_set_background_color
                0x0000000000000000        0xc /Users/akilesh/pebble-dev/PebbleSDK-2.8.1/Pebble/lib/libpebble.a(tmpL9Cjnwpebble.o)
 .text.window_set_click_config_provider_with_context
                0x0000000000000000        0xc /Users/akilesh/pebble-dev/PebbleSDK-2.8.1/Pebble/lib/libpebble.a(tmpL9Cjnwpebble.o)
 .text.window_set_fullscreen
                0x0000000000000000        0xc /Users/akilesh/pebble-dev/PebbleSDK-2.8.1/Pebble/lib/libpebble.a(tmpL9Cjnwpebble.o)
 .text.window_set_status_bar_icon
                0x0000000000000000        0xc /Users/akilesh/pebble-dev/PebbleSDK-2.8.1/Pebble/lib/libpebble.a(tmpL9Cjnwpebble.o)
 .text.window_stack_contains_window
                0x0000000000000000        0xc /Users/akilesh/pebble-dev/PebbleSDK-2.8.1/Pebble/lib/libpebble.a(tmpL9Cjnwpebble.o)
 .text.window_stack_get_top_window
                0x0000000000000000        0xc /Users/akilesh/pebble-dev/PebbleSDK-2.8.1/Pebble/lib/libpebble.a(tmpL9Cjnwpebble.o)
 .text.window_stack_remove
                0x0000000000000000        0xc /Users/akilesh/pebble-dev/PebbleSDK-2.8.1/Pebble/lib/libpebble.a(tmpL9Cjnwpebble.o)
 .text.app_focus_service_subscribe
                0x0000000000000000        0xc /Users/akilesh/pebble-dev/PebbleSDK-2.8.1/Pebble/lib/libpebble.a(tmpL9Cjnwpebble.o)
 .text.app_focus_service_unsubscribe
                0x0000000000000000        0xc /Users/akilesh/pebble-dev/PebbleSDK-2.8.1/Pebble/lib/libpebble.a(tmpL9Cjnwpebble.o)
 .text.window_get_user_data
                0x0000000000000000        0xc /Users/akilesh/pebble-dev/PebbleSDK-2.8.1/Pebble/lib/libpebble.a(tmpL9Cjnwpebble.o)
 .text.window_set_user_data
                0x0000000000000000        0xc /Users/akilesh/pebble-dev/PebbleSDK-2.8.1/Pebble/lib/libpebble.a(tmpL9Cjnwpebble.o)
 .text.app_message_get_context
                0x0000000000000000        0xc /Users/akilesh/pebble-dev/PebbleSDK-2.8.1/Pebble/lib/libpebble.a(tmpL9Cjnwpebble.o)
 .text.app_message_set_context
                0x0000000000000000        0xc /Users/akilesh/pebble-dev/PebbleSDK-2.8.1/Pebble/lib/libpebble.a(tmpL9Cjnwpebble.o)
 .text.window_long_click_subscribe
                0x0000000000000000        0xc /Users/akilesh/pebble-dev/PebbleSDK-2.8.1/Pebble/lib/libpebble.a(tmpL9Cjnwpebble.o)
 .text.window_multi_click_subscribe
                0x0000000000000000        0xc /Users/akilesh/pebble-dev/PebbleSDK-2.8.1/Pebble/lib/libpebble.a(tmpL9Cjnwpebble.o)
 .text.window_raw_click_subscribe
                0x0000000000000000        0xc /Users/akilesh/pebble-dev/PebbleSDK-2.8.1/Pebble/lib/libpebble.a(tmpL9Cjnwpebble.o)
 .text.window_set_click_context
                0x0000000000000000        0xc /Users/akilesh/pebble-dev/PebbleSDK-2.8.1/Pebble/lib/libpebble.a(tmpL9Cjnwpebble.o)
 .text.window_single_repeating_click_subscribe
                0x0000000000000000        0xc /Users/akilesh/pebble-dev/PebbleSDK-2.8.1/Pebble/lib/libpebble.a(tmpL9Cjnwpebble.o)
 .text.graphics_draw_text
                0x0000000000000000        0xc /Users/akilesh/pebble-dev/PebbleSDK-2.8.1/Pebble/lib/libpebble.a(tmpL9Cjnwpebble.o)
 .text.dict_serialize_tuplets_to_buffer
                0x0000000000000000        0xc /Users/akilesh/pebble-dev/PebbleSDK-2.8.1/Pebble/lib/libpebble.a(tmpL9Cjnwpebble.o)
 .text.persist_read_data
                0x0000000000000000        0xc /Users/akilesh/pebble-dev/PebbleSDK-2.8.1/Pebble/lib/libpebble.a(tmpL9Cjnwpebble.o)
 .text.persist_read_string
                0x0000000000000000        0xc /Users/akilesh/pebble-dev/PebbleSDK-2.8.1/Pebble/lib/libpebble.a(tmpL9Cjnwpebble.o)
 .text.persist_write_data
                0x0000000000000000        0xc /Users/akilesh/pebble-dev/PebbleSDK-2.8.1/Pebble/lib/libpebble.a(tmpL9Cjnwpebble.o)
 .text.dict_size
                0x0000000000000000        0xc /Users/akilesh/pebble-dev/PebbleSDK-2.8.1/Pebble/lib/libpebble.a(tmpL9Cjnwpebble.o)
 .text.graphics_text_layout_get_content_size
                0x0000000000000000        0xc /Users/akilesh/pebble-dev/PebbleSDK-2.8.1/Pebble/lib/libpebble.a(tmpL9Cjnwpebble.o)
 .text.simple_menu_layer_get_menu_layer
                0x0000000000000000        0xc /Users/akilesh/pebble-dev/PebbleSDK-2.8.1/Pebble/lib/libpebble.a(tmpL9Cjnwpebble.o)
 .text.calloc   0x0000000000000000        0xc /Users/akilesh/pebble-dev/PebbleSDK-2.8.1/Pebble/lib/libpebble.a(tmpL9Cjnwpebble.o)
 .text.bitmap_layer_get_bitmap
                0x0000000000000000        0xc /Users/akilesh/pebble-dev/PebbleSDK-2.8.1/Pebble/lib/libpebble.a(tmpL9Cjnwpebble.o)
 .text.menu_layer_set_callbacks
                0x0000000000000000        0xc /Users/akilesh/pebble-dev/PebbleSDK-2.8.1/Pebble/lib/libpebble.a(tmpL9Cjnwpebble.o)
 .text.window_get_click_config_context
                0x0000000000000000        0xc /Users/akilesh/pebble-dev/PebbleSDK-2.8.1/Pebble/lib/libpebble.a(tmpL9Cjnwpebble.o)
 .text.number_window_get_window
                0x0000000000000000        0xc /Users/akilesh/pebble-dev/PebbleSDK-2.8.1/Pebble/lib/libpebble.a(tmpL9Cjnwpebble.o)
 .text.realloc  0x0000000000000000        0xc /Users/akilesh/pebble-dev/PebbleSDK-2.8.1/Pebble/lib/libpebble.a(tmpL9Cjnwpebble.o)
 .text.gbitmap_create_blank
                0x0000000000000000        0xc /Users/akilesh/pebble-dev/PebbleSDK-2.8.1/Pebble/lib/libpebble.a(tmpL9Cjnwpebble.o)
 .text.click_recognizer_is_repeating
                0x0000000000000000        0xc /Users/akilesh/pebble-dev/PebbleSDK-2.8.1/Pebble/lib/libpebble.a(tmpL9Cjnwpebble.o)
 .text.accel_raw_data_service_subscribe
                0x0000000000000000        0xc /Users/akilesh/pebble-dev/PebbleSDK-2.8.1/Pebble/lib/libpebble.a(tmpL9Cjnwpebble.o)
 .text.app_worker_is_running
                0x0000000000000000        0xc /Users/akilesh/pebble-dev/PebbleSDK-2.8.1/Pebble/lib/libpebble.a(tmpL9Cjnwpebble.o)
 .text.app_worker_kill
                0x0000000000000000        0xc /Users/akilesh/pebble-dev/PebbleSDK-2.8.1/Pebble/lib/libpebble.a(tmpL9Cjnwpebble.o)
 .text.app_worker_launch
                0x0000000000000000        0xc /Users/akilesh/pebble-dev/PebbleSDK-2.8.1/Pebble/lib/libpebble.a(tmpL9Cjnwpebble.o)
 .text.app_worker_message_subscribe
                0x0000000000000000        0xc /Users/akilesh/pebble-dev/PebbleSDK-2.8.1/Pebble/lib/libpebble.a(tmpL9Cjnwpebble.o)
 .text.app_worker_message_unsubscribe
                0x0000000000000000        0xc /Users/akilesh/pebble-dev/PebbleSDK-2.8.1/Pebble/lib/libpebble.a(tmpL9Cjnwpebble.o)
 .text.app_worker_send_message
                0x0000000000000000        0xc /Users/akilesh/pebble-dev/PebbleSDK-2.8.1/Pebble/lib/libpebble.a(tmpL9Cjnwpebble.o)
 .text.worker_event_loop
                0x0000000000000000        0xc /Users/akilesh/pebble-dev/PebbleSDK-2.8.1/Pebble/lib/libpebble.a(tmpL9Cjnwpebble.o)
 .text.worker_launch_app
                0x0000000000000000        0xc /Users/akilesh/pebble-dev/PebbleSDK-2.8.1/Pebble/lib/libpebble.a(tmpL9Cjnwpebble.o)
 .text.heap_bytes_free
                0x0000000000000000        0xc /Users/akilesh/pebble-dev/PebbleSDK-2.8.1/Pebble/lib/libpebble.a(tmpL9Cjnwpebble.o)
 .text.heap_bytes_used
                0x0000000000000000        0xc /Users/akilesh/pebble-dev/PebbleSDK-2.8.1/Pebble/lib/libpebble.a(tmpL9Cjnwpebble.o)
 .text.compass_service_peek
                0x0000000000000000        0xc /Users/akilesh/pebble-dev/PebbleSDK-2.8.1/Pebble/lib/libpebble.a(tmpL9Cjnwpebble.o)
 .text.compass_service_set_heading_filter
                0x0000000000000000        0xc /Users/akilesh/pebble-dev/PebbleSDK-2.8.1/Pebble/lib/libpebble.a(tmpL9Cjnwpebble.o)
 .text.compass_service_subscribe
                0x0000000000000000        0xc /Users/akilesh/pebble-dev/PebbleSDK-2.8.1/Pebble/lib/libpebble.a(tmpL9Cjnwpebble.o)
 .text.compass_service_unsubscribe
                0x0000000000000000        0xc /Users/akilesh/pebble-dev/PebbleSDK-2.8.1/Pebble/lib/libpebble.a(tmpL9Cjnwpebble.o)
 .text.uuid_equal
                0x0000000000000000        0xc /Users/akilesh/pebble-dev/PebbleSDK-2.8.1/Pebble/lib/libpebble.a(tmpL9Cjnwpebble.o)
 .text.uuid_to_string
                0x0000000000000000        0xc /Users/akilesh/pebble-dev/PebbleSDK-2.8.1/Pebble/lib/libpebble.a(tmpL9Cjnwpebble.o)
 .text.gpath_draw_filled
                0x0000000000000000        0xc /Users/akilesh/pebble-dev/PebbleSDK-2.8.1/Pebble/lib/libpebble.a(tmpL9Cjnwpebble.o)
 .text.animation_set_custom_curve
                0x0000000000000000        0xc /Users/akilesh/pebble-dev/PebbleSDK-2.8.1/Pebble/lib/libpebble.a(tmpL9Cjnwpebble.o)
 .text.watch_info_get_color
                0x0000000000000000        0xc /Users/akilesh/pebble-dev/PebbleSDK-2.8.1/Pebble/lib/libpebble.a(tmpL9Cjnwpebble.o)
 .text.watch_info_get_firmware_version
                0x0000000000000000        0xc /Users/akilesh/pebble-dev/PebbleSDK-2.8.1/Pebble/lib/libpebble.a(tmpL9Cjnwpebble.o)
 .text.watch_info_get_model
                0x0000000000000000        0xc /Users/akilesh/pebble-dev/PebbleSDK-2.8.1/Pebble/lib/libpebble.a(tmpL9Cjnwpebble.o)
 .text.graphics_capture_frame_buffer
                0x0000000000000000        0xc /Users/akilesh/pebble-dev/PebbleSDK-2.8.1/Pebble/lib/libpebble.a(tmpL9Cjnwpebble.o)
 .text.graphics_frame_buffer_is_captured
                0x0000000000000000        0xc /Users/akilesh/pebble-dev/PebbleSDK-2.8.1/Pebble/lib/libpebble.a(tmpL9Cjnwpebble.o)
 .text.graphics_release_frame_buffer
                0x0000000000000000        0xc /Users/akilesh/pebble-dev/PebbleSDK-2.8.1/Pebble/lib/libpebble.a(tmpL9Cjnwpebble.o)
 .text.clock_to_timestamp
                0x0000000000000000        0xc /Users/akilesh/pebble-dev/PebbleSDK-2.8.1/Pebble/lib/libpebble.a(tmpL9Cjnwpebble.o)
 .text.launch_reason
                0x0000000000000000        0xc /Users/akilesh/pebble-dev/PebbleSDK-2.8.1/Pebble/lib/libpebble.a(tmpL9Cjnwpebble.o)
 .text.wakeup_cancel
                0x0000000000000000        0xc /Users/akilesh/pebble-dev/PebbleSDK-2.8.1/Pebble/lib/libpebble.a(tmpL9Cjnwpebble.o)
 .text.wakeup_cancel_all
                0x0000000000000000        0xc /Users/akilesh/pebble-dev/PebbleSDK-2.8.1/Pebble/lib/libpebble.a(tmpL9Cjnwpebble.o)
 .text.wakeup_get_launch_event
                0x0000000000000000        0xc /Users/akilesh/pebble-dev/PebbleSDK-2.8.1/Pebble/lib/libpebble.a(tmpL9Cjnwpebble.o)
 .text.wakeup_query
                0x0000000000000000        0xc /Users/akilesh/pebble-dev/PebbleSDK-2.8.1/Pebble/lib/libpebble.a(tmpL9Cjnwpebble.o)
 .text.wakeup_schedule
                0x0000000000000000        0xc /Users/akilesh/pebble-dev/PebbleSDK-2.8.1/Pebble/lib/libpebble.a(tmpL9Cjnwpebble.o)
 .text.wakeup_service_subscribe
                0x0000000000000000        0xc /Users/akilesh/pebble-dev/PebbleSDK-2.8.1/Pebble/lib/libpebble.a(tmpL9Cjnwpebble.o)
 .text.clock_is_timezone_set
                0x0000000000000000        0xc /Users/akilesh/pebble-dev/PebbleSDK-2.8.1/Pebble/lib/libpebble.a(tmpL9Cjnwpebble.o)
 .text.i18n_get_system_locale
                0x0000000000000000        0xc /Users/akilesh/pebble-dev/PebbleSDK-2.8.1/Pebble/lib/libpebble.a(tmpL9Cjnwpebble.o)
 .text._localeconv_r
                0x0000000000000000        0xc /Users/akilesh/pebble-dev/PebbleSDK-2.8.1/Pebble/lib/libpebble.a(tmpL9Cjnwpebble.o)
 .text.setlocale
                0x0000000000000000        0xc /Users/akilesh/pebble-dev/PebbleSDK-2.8.1/Pebble/lib/libpebble.a(tmpL9Cjnwpebble.o)
 .text          0x0000000000000000        0x0 /Users/akilesh/pebble-dev/PebbleSDK-2.8.1/arm-cs-tools/bin/../lib/gcc/arm-none-eabi/4.7.2/thumb2/crtend.o
 .bss           0x0000000000000000        0x0 /Users/akilesh/pebble-dev/PebbleSDK-2.8.1/arm-cs-tools/bin/../lib/gcc/arm-none-eabi/4.7.2/thumb2/crtend.o
 .eh_frame      0x0000000000000000        0x4 /Users/akilesh/pebble-dev/PebbleSDK-2.8.1/arm-cs-tools/bin/../lib/gcc/arm-none-eabi/4.7.2/thumb2/crtend.o
 .jcr           0x0000000000000000        0x4 /Users/akilesh/pebble-dev/PebbleSDK-2.8.1/arm-cs-tools/bin/../lib/gcc/arm-none-eabi/4.7.2/thumb2/crtend.o
 .tm_clone_table
                0x0000000000000000        0x0 /Users/akilesh/pebble-dev/PebbleSDK-2.8.1/arm-cs-tools/bin/../lib/gcc/arm-none-eabi/4.7.2/thumb2/crtend.o
 .text          0x0000000000000000        0x0 /Users/akilesh/pebble-dev/PebbleSDK-2.8.1/arm-cs-tools/bin/../lib/gcc/arm-none-eabi/4.7.2/thumb2/crtn.o
 .bss           0x0000000000000000        0x0 /Users/akilesh/pebble-dev/PebbleSDK-2.8.1/arm-cs-tools/bin/../lib/gcc/arm-none-eabi/4.7.2/thumb2/crtn.o
 .init          0x0000000000000000        0x8 /Users/akilesh/pebble-dev/PebbleSDK-2.8.1/arm-cs-tools/bin/../lib/gcc/arm-none-eabi/4.7.2/thumb2/crtn.o
 .fini          0x0000000000000000        0x8 /Users/akilesh/pebble-dev/PebbleSDK-2.8.1/arm-cs-tools/bin/../lib/gcc/arm-none-eabi/4.7.2/thumb2/crtn.o

Memory Configuration

Name             Origin             Length             Attributes
APP              0x0000000000000000 0x0000000000006000 xrw
*default*        0x0000000000000000 0xffffffffffffffff

Linker script and memory map

LOAD /Users/akilesh/pebble-dev/PebbleSDK-2.8.1/arm-cs-tools/bin/../lib/gcc/arm-none-eabi/4.7.2/thumb2/crti.o
LOAD /Users/akilesh/pebble-dev/PebbleSDK-2.8.1/arm-cs-tools/bin/../lib/gcc/arm-none-eabi/4.7.2/thumb2/crtbegin.o
LOAD src/exercise_window.c.7.o
LOAD src/hibar-pebble.c.7.o
LOAD src/message_utils.c.7.o
LOAD src/next_exercise_window.c.7.o
LOAD src/waiting_window.c.7.o
LOAD appinfo.auto.c.7.o
LOAD /Users/akilesh/pebble-dev/PebbleSDK-2.8.1/Pebble/lib/libpebble.a
START GROUP
LOAD /Users/akilesh/pebble-dev/PebbleSDK-2.8.1/arm-cs-tools/bin/../lib/gcc/arm-none-eabi/4.7.2/thumb2/libgcc.a
LOAD /Users/akilesh/pebble-dev/PebbleSDK-2.8.1/arm-cs-tools/bin/../lib/gcc/arm-none-eabi/4.7.2/../../../../arm-none-eabi/lib/thumb2/libc.a
END GROUP
LOAD /Users/akilesh/pebble-dev/PebbleSDK-2.8.1/arm-cs-tools/bin/../lib/gcc/arm-none-eabi/4.7.2/thumb2/crtend.o
LOAD /Users/akilesh/pebble-dev/PebbleSDK-2.8.1/arm-cs-tools/bin/../lib/gcc/arm-none-eabi/4.7.2/thumb2/crtn.o

.header         0x0000000000000000       0x82
 *(.pbl_header)
 .pbl_header    0x0000000000000000       0x82 appinfo.auto.c.7.o
                0x0000000000000000                __pbl_app_info

.text           0x0000000000000084      0xe08
 *(.text)
 .text          0x0000000000000084       0x14 /Users/akilesh/pebble-dev/PebbleSDK-2.8.1/Pebble/lib/libpebble.a(tmpL9Cjnwpebble.o)
 *(.text.*)
 .text.unload   0x0000000000000098       0x10 src/exercise_window.c.7.o
 .text.load     0x00000000000000a8      0x280 src/exercise_window.c.7.o
 .text.data_handler
                0x0000000000000328      0x120 src/exercise_window.c.7.o
 .text.click_config_provider
                0x0000000000000448       0x10 src/exercise_window.c.7.o
 .text.select_click_handler
                0x0000000000000458       0x14 src/exercise_window.c.7.o
 .text.exercise_window_init
                0x000000000000046c       0x9c src/exercise_window.c.7.o
                0x000000000000046c                exercise_window_init
 .text.startup.main
                0x0000000000000508       0x28 src/hibar-pebble.c.7.o
                0x0000000000000508                main
 .text.outbox_sent_handler
                0x0000000000000530       0x18 src/message_utils.c.7.o
 .text.outbox_fail_handler
                0x0000000000000548       0x18 src/message_utils.c.7.o
 .text.inbox_received_callback
                0x0000000000000560      0x168 src/message_utils.c.7.o
 .text.translate_error
                0x00000000000006c8       0xe8 src/message_utils.c.7.o
                0x00000000000006c8                translate_error
 .text.inbox_dropped_callback
                0x00000000000007b0       0x24 src/message_utils.c.7.o
 .text.init_app_message
                0x00000000000007d4       0x48 src/message_utils.c.7.o
                0x00000000000007d4                init_app_message
 .text.send_msg
                0x000000000000081c       0x1c src/message_utils.c.7.o
                0x000000000000081c                send_msg
 .text.unload   0x0000000000000838       0x10 src/next_exercise_window.c.7.o
 .text.load     0x0000000000000848       0xa0 src/next_exercise_window.c.7.o
 .text.next_exercise_window_init
                0x00000000000008e8       0x48 src/next_exercise_window.c.7.o
                0x00000000000008e8                next_exercise_window_init
 .text.go_to_next_exercise
                0x0000000000000930       0x16 src/next_exercise_window.c.7.o
                0x0000000000000930                go_to_next_exercise
 *fill*         0x0000000000000946        0x2 
 .text.unload   0x0000000000000948       0x10 src/waiting_window.c.7.o
 .text.load     0x0000000000000958       0x68 src/waiting_window.c.7.o
 .text.waiting_window_init
                0x00000000000009c0       0x48 src/waiting_window.c.7.o
                0x00000000000009c0                waiting_window_init
 .text.app_event_loop
                0x0000000000000a08        0xc /Users/akilesh/pebble-dev/PebbleSDK-2.8.1/Pebble/lib/libpebble.a(tmpL9Cjnwpebble.o)
                0x0000000000000a08                app_event_loop
 .text.app_log  0x0000000000000a14        0xc /Users/akilesh/pebble-dev/PebbleSDK-2.8.1/Pebble/lib/libpebble.a(tmpL9Cjnwpebble.o)
                0x0000000000000a14                app_log
 .text.app_message_open
                0x0000000000000a20        0xc /Users/akilesh/pebble-dev/PebbleSDK-2.8.1/Pebble/lib/libpebble.a(tmpL9Cjnwpebble.o)
                0x0000000000000a20                app_message_open
 .text.dict_read_first
                0x0000000000000a2c        0xc /Users/akilesh/pebble-dev/PebbleSDK-2.8.1/Pebble/lib/libpebble.a(tmpL9Cjnwpebble.o)
                0x0000000000000a2c                dict_read_first
 .text.dict_read_next
                0x0000000000000a38        0xc /Users/akilesh/pebble-dev/PebbleSDK-2.8.1/Pebble/lib/libpebble.a(tmpL9Cjnwpebble.o)
                0x0000000000000a38                dict_read_next
 .text.dict_write_cstring
                0x0000000000000a44        0xc /Users/akilesh/pebble-dev/PebbleSDK-2.8.1/Pebble/lib/libpebble.a(tmpL9Cjnwpebble.o)
                0x0000000000000a44                dict_write_cstring
 .text.fonts_get_system_font
                0x0000000000000a50        0xc /Users/akilesh/pebble-dev/PebbleSDK-2.8.1/Pebble/lib/libpebble.a(tmpL9Cjnwpebble.o)
                0x0000000000000a50                fonts_get_system_font
 .text.layer_add_child
                0x0000000000000a5c        0xc /Users/akilesh/pebble-dev/PebbleSDK-2.8.1/Pebble/lib/libpebble.a(tmpL9Cjnwpebble.o)
                0x0000000000000a5c                layer_add_child
 .text.layer_get_bounds
                0x0000000000000a68        0xc /Users/akilesh/pebble-dev/PebbleSDK-2.8.1/Pebble/lib/libpebble.a(tmpL9Cjnwpebble.o)
                0x0000000000000a68                layer_get_bounds
 .text.layer_remove_from_parent
                0x0000000000000a74        0xc /Users/akilesh/pebble-dev/PebbleSDK-2.8.1/Pebble/lib/libpebble.a(tmpL9Cjnwpebble.o)
                0x0000000000000a74                layer_remove_from_parent
 .text.memset   0x0000000000000a80        0xc /Users/akilesh/pebble-dev/PebbleSDK-2.8.1/Pebble/lib/libpebble.a(tmpL9Cjnwpebble.o)
                0x0000000000000a80                memset
 .text.snprintf
                0x0000000000000a8c        0xc /Users/akilesh/pebble-dev/PebbleSDK-2.8.1/Pebble/lib/libpebble.a(tmpL9Cjnwpebble.o)
                0x0000000000000a8c                snprintf
 .text.text_layer_create
                0x0000000000000a98        0xc /Users/akilesh/pebble-dev/PebbleSDK-2.8.1/Pebble/lib/libpebble.a(tmpL9Cjnwpebble.o)
                0x0000000000000a98                text_layer_create
 .text.text_layer_destroy
                0x0000000000000aa4        0xc /Users/akilesh/pebble-dev/PebbleSDK-2.8.1/Pebble/lib/libpebble.a(tmpL9Cjnwpebble.o)
                0x0000000000000aa4                text_layer_destroy
 .text.text_layer_get_layer
                0x0000000000000ab0        0xc /Users/akilesh/pebble-dev/PebbleSDK-2.8.1/Pebble/lib/libpebble.a(tmpL9Cjnwpebble.o)
                0x0000000000000ab0                text_layer_get_layer
 .text.text_layer_set_font
                0x0000000000000abc        0xc /Users/akilesh/pebble-dev/PebbleSDK-2.8.1/Pebble/lib/libpebble.a(tmpL9Cjnwpebble.o)
                0x0000000000000abc                text_layer_set_font
 .text.text_layer_set_text
                0x0000000000000ac8        0xc /Users/akilesh/pebble-dev/PebbleSDK-2.8.1/Pebble/lib/libpebble.a(tmpL9Cjnwpebble.o)
                0x0000000000000ac8                text_layer_set_text
 .text.text_layer_set_text_alignment
                0x0000000000000ad4        0xc /Users/akilesh/pebble-dev/PebbleSDK-2.8.1/Pebble/lib/libpebble.a(tmpL9Cjnwpebble.o)
                0x0000000000000ad4                text_layer_set_text_alignment
 .text.vibes_short_pulse
                0x0000000000000ae0        0xc /Users/akilesh/pebble-dev/PebbleSDK-2.8.1/Pebble/lib/libpebble.a(tmpL9Cjnwpebble.o)
                0x0000000000000ae0                vibes_short_pulse
 .text.window_create
                0x0000000000000aec        0xc /Users/akilesh/pebble-dev/PebbleSDK-2.8.1/Pebble/lib/libpebble.a(tmpL9Cjnwpebble.o)
                0x0000000000000aec                window_create
 .text.window_destroy
                0x0000000000000af8        0xc /Users/akilesh/pebble-dev/PebbleSDK-2.8.1/Pebble/lib/libpebble.a(tmpL9Cjnwpebble.o)
                0x0000000000000af8                window_destroy
 .text.window_get_root_layer
                0x0000000000000b04        0xc /Users/akilesh/pebble-dev/PebbleSDK-2.8.1/Pebble/lib/libpebble.a(tmpL9Cjnwpebble.o)
                0x0000000000000b04                window_get_root_layer
 .text.window_set_click_config_provider
                0x0000000000000b10        0xc /Users/akilesh/pebble-dev/PebbleSDK-2.8.1/Pebble/lib/libpebble.a(tmpL9Cjnwpebble.o)
                0x0000000000000b10                window_set_click_config_provider
 .text.window_set_window_handlers
                0x0000000000000b1c        0xc /Users/akilesh/pebble-dev/PebbleSDK-2.8.1/Pebble/lib/libpebble.a(tmpL9Cjnwpebble.o)
                0x0000000000000b1c                window_set_window_handlers
 .text.window_stack_pop
                0x0000000000000b28        0xc /Users/akilesh/pebble-dev/PebbleSDK-2.8.1/Pebble/lib/libpebble.a(tmpL9Cjnwpebble.o)
                0x0000000000000b28                window_stack_pop
 .text.window_stack_pop_all
                0x0000000000000b34        0xc /Users/akilesh/pebble-dev/PebbleSDK-2.8.1/Pebble/lib/libpebble.a(tmpL9Cjnwpebble.o)
                0x0000000000000b34                window_stack_pop_all
 .text.window_stack_push
                0x0000000000000b40        0xc /Users/akilesh/pebble-dev/PebbleSDK-2.8.1/Pebble/lib/libpebble.a(tmpL9Cjnwpebble.o)
                0x0000000000000b40                window_stack_push
 .text.app_message_inbox_size_maximum
                0x0000000000000b4c        0xc /Users/akilesh/pebble-dev/PebbleSDK-2.8.1/Pebble/lib/libpebble.a(tmpL9Cjnwpebble.o)
                0x0000000000000b4c                app_message_inbox_size_maximum
 .text.app_message_outbox_begin
                0x0000000000000b58        0xc /Users/akilesh/pebble-dev/PebbleSDK-2.8.1/Pebble/lib/libpebble.a(tmpL9Cjnwpebble.o)
                0x0000000000000b58                app_message_outbox_begin
 .text.app_message_outbox_send
                0x0000000000000b64        0xc /Users/akilesh/pebble-dev/PebbleSDK-2.8.1/Pebble/lib/libpebble.a(tmpL9Cjnwpebble.o)
                0x0000000000000b64                app_message_outbox_send
 .text.app_message_outbox_size_maximum
                0x0000000000000b70        0xc /Users/akilesh/pebble-dev/PebbleSDK-2.8.1/Pebble/lib/libpebble.a(tmpL9Cjnwpebble.o)
                0x0000000000000b70                app_message_outbox_size_maximum
 .text.app_message_register_inbox_dropped
                0x0000000000000b7c        0xc /Users/akilesh/pebble-dev/PebbleSDK-2.8.1/Pebble/lib/libpebble.a(tmpL9Cjnwpebble.o)
                0x0000000000000b7c                app_message_register_inbox_dropped
 .text.app_message_register_inbox_received
                0x0000000000000b88        0xc /Users/akilesh/pebble-dev/PebbleSDK-2.8.1/Pebble/lib/libpebble.a(tmpL9Cjnwpebble.o)
                0x0000000000000b88                app_message_register_inbox_received
 .text.app_message_register_outbox_failed
                0x0000000000000b94        0xc /Users/akilesh/pebble-dev/PebbleSDK-2.8.1/Pebble/lib/libpebble.a(tmpL9Cjnwpebble.o)
                0x0000000000000b94                app_message_register_outbox_failed
 .text.app_message_register_outbox_sent
                0x0000000000000ba0        0xc /Users/akilesh/pebble-dev/PebbleSDK-2.8.1/Pebble/lib/libpebble.a(tmpL9Cjnwpebble.o)
                0x0000000000000ba0                app_message_register_outbox_sent
 .text.window_single_click_subscribe
                0x0000000000000bac        0xc /Users/akilesh/pebble-dev/PebbleSDK-2.8.1/Pebble/lib/libpebble.a(tmpL9Cjnwpebble.o)
                0x0000000000000bac                window_single_click_subscribe
 .text.accel_data_service_subscribe
                0x0000000000000bb8        0xc /Users/akilesh/pebble-dev/PebbleSDK-2.8.1/Pebble/lib/libpebble.a(tmpL9Cjnwpebble.o)
                0x0000000000000bb8                accel_data_service_subscribe
 *(.rodata)
 *(.rodata*)
 .rodata.str1.1
                0x0000000000000bc4       0x6c src/exercise_window.c.7.o
                                         0x6f (size before relaxing)
 .rodata.str1.1
                0x0000000000000c30      0x1e9 src/message_utils.c.7.o
                                        0x1ec (size before relaxing)
 .rodata.str1.1
                0x0000000000000e19       0x4f src/next_exercise_window.c.7.o
                                         0x6a (size before relaxing)
 .rodata.str1.1
                0x0000000000000e68       0x24 src/waiting_window.c.7.o

.glue_7         0x0000000000000e8c        0x0
 .glue_7        0x0000000000000000        0x0 linker stubs

.glue_7t        0x0000000000000e8c        0x0
 .glue_7t       0x0000000000000000        0x0 linker stubs

.vfp11_veneer   0x0000000000000e8c        0x0
 .vfp11_veneer  0x0000000000000000        0x0 linker stubs

.v4_bx          0x0000000000000e8c        0x0
 .v4_bx         0x0000000000000000        0x0 linker stubs

.iplt           0x0000000000000e8c        0x0
 .iplt          0x0000000000000000        0x0 /Users/akilesh/pebble-dev/PebbleSDK-2.8.1/arm-cs-tools/bin/../lib/gcc/arm-none-eabi/4.7.2/thumb2/crtbegin.o

.rel.dyn        0x0000000000000e8c        0x0
 .rel.iplt      0x0000000000000000        0x0 /Users/akilesh/pebble-dev/PebbleSDK-2.8.1/arm-cs-tools/bin/../lib/gcc/arm-none-eabi/4.7.2/thumb2/crtbegin.o

.data           0x0000000000000e8c        0x4
 *(.data)
 .data          0x0000000000000e8c        0x0 /Users/akilesh/pebble-dev/PebbleSDK-2.8.1/arm-cs-tools/bin/../lib/gcc/arm-none-eabi/4.7.2/thumb2/crti.o
 .data          0x0000000000000e8c        0x4 /Users/akilesh/pebble-dev/PebbleSDK-2.8.1/arm-cs-tools/bin/../lib/gcc/arm-none-eabi/4.7.2/thumb2/crtbegin.o
                0x0000000000000e8c                __dso_handle
 .data          0x0000000000000e90        0x0 src/exercise_window.c.7.o
 .data          0x0000000000000e90        0x0 src/hibar-pebble.c.7.o
 .data          0x0000000000000e90        0x0 src/message_utils.c.7.o
 .data          0x0000000000000e90        0x0 src/next_exercise_window.c.7.o
 .data          0x0000000000000e90        0x0 src/waiting_window.c.7.o
 .data          0x0000000000000e90        0x0 appinfo.auto.c.7.o
 .data          0x0000000000000e90        0x0 /Users/akilesh/pebble-dev/PebbleSDK-2.8.1/Pebble/lib/libpebble.a(tmpL9Cjnwpebble.o)
 .data          0x0000000000000e90        0x0 /Users/akilesh/pebble-dev/PebbleSDK-2.8.1/arm-cs-tools/bin/../lib/gcc/arm-none-eabi/4.7.2/thumb2/crtend.o
 .data          0x0000000000000e90        0x0 /Users/akilesh/pebble-dev/PebbleSDK-2.8.1/arm-cs-tools/bin/../lib/gcc/arm-none-eabi/4.7.2/thumb2/crtn.o
 *(.data.*)

.igot.plt       0x0000000000000e90        0x0
 .igot.plt      0x0000000000000000        0x0 /Users/akilesh/pebble-dev/PebbleSDK-2.8.1/arm-cs-tools/bin/../lib/gcc/arm-none-eabi/4.7.2/thumb2/crtbegin.o

.bss            0x0000000000000e90      0x14c
 *(.bss)
 *(.bss.*)
 .bss.next_set_text_layer
                0x0000000000000e90        0x4 src/exercise_window.c.7.o
 .bss.weight_text_layer
                0x0000000000000e94        0x4 src/exercise_window.c.7.o
 .bss.exercise_name_text_layer
                0x0000000000000e98        0x4 src/exercise_window.c.7.o
 .bss.reps      0x0000000000000e9c       0x14 src/exercise_window.c.7.o
 .bss.exercise_name_string
                0x0000000000000eb0        0x4 src/exercise_window.c.7.o
 .bss.sets      0x0000000000000eb4       0x14 src/exercise_window.c.7.o
 .bss.num_of_sets
                0x0000000000000ec8        0x4 src/exercise_window.c.7.o
 .bss.reps_per_set
                0x0000000000000ecc        0x4 src/exercise_window.c.7.o
 .bss.sets_and_rep_count_text_layer
                0x0000000000000ed0        0x4 src/exercise_window.c.7.o
 .bss.set_count_text_layer
                0x0000000000000ed4        0x4 src/exercise_window.c.7.o
 .bss.sets_and_rep_text
                0x0000000000000ed8       0x14 src/exercise_window.c.7.o
 .bss.previous_reading_below_threshold
                0x0000000000000eec        0x1 src/exercise_window.c.7.o
 *fill*         0x0000000000000eed        0x3 
 .bss.current_set
                0x0000000000000ef0        0x4 src/exercise_window.c.7.o
 .bss.weight_string
                0x0000000000000ef4        0x4 src/exercise_window.c.7.o
 .bss.number_reps
                0x0000000000000ef8        0x4 src/exercise_window.c.7.o
 .bss.user_notified_set_completed
                0x0000000000000efc        0x1 src/exercise_window.c.7.o
 *fill*         0x0000000000000efd        0x3 
 .bss.rep_count_text_layer
                0x0000000000000f00        0x4 src/exercise_window.c.7.o
 .bss.window    0x0000000000000f04        0x4 src/exercise_window.c.7.o
 .bss.window    0x0000000000000f08        0x4 src/hibar-pebble.c.7.o
 .bss.exercise_weight.6694
                0x0000000000000f0c       0x40 src/message_utils.c.7.o
 .bss.s_buffer.6698
                0x0000000000000f4c       0x40 src/message_utils.c.7.o
 .bss.exercise_name.6693
                0x0000000000000f8c       0x40 src/message_utils.c.7.o
 .bss.waiting_text_layer
                0x0000000000000fcc        0x4 src/next_exercise_window.c.7.o
 .bss.window    0x0000000000000fd0        0x4 src/next_exercise_window.c.7.o
 .bss.text_layer
                0x0000000000000fd4        0x4 src/waiting_window.c.7.o
 .bss.window    0x0000000000000fd8        0x4 src/waiting_window.c.7.o

DISCARD
 libc.a(*)
 libm.a(*)
 libgcc.a(*)
 *(.eh_frame)
OUTPUT(/Users/akilesh/Google Drive/Developer/XCode/HiBar/hibar-pebble/build/pebble-app.elf elf32-littlearm)

.ARM.attributes
                0x0000000000000000       0x27
 .ARM.attributes
                0x0000000000000000       0x19 /Users/akilesh/pebble-dev/PebbleSDK-2.8.1/arm-cs-tools/bin/../lib/gcc/arm-none-eabi/4.7.2/thumb2/crti.o
 .ARM.attributes
                0x0000000000000019       0x29 /Users/akilesh/pebble-dev/PebbleSDK-2.8.1/arm-cs-tools/bin/../lib/gcc/arm-none-eabi/4.7.2/thumb2/crtbegin.o
 .ARM.attributes
                0x0000000000000042       0x33 src/exercise_window.c.7.o
 .ARM.attributes
                0x0000000000000075       0x33 src/hibar-pebble.c.7.o
 .ARM.attributes
                0x00000000000000a8       0x33 src/message_utils.c.7.o
 .ARM.attributes
                0x00000000000000db       0x33 src/next_exercise_window.c.7.o
 .ARM.attributes
                0x000000000000010e       0x33 src/waiting_window.c.7.o
 .ARM.attributes
                0x0000000000000141       0x33 appinfo.auto.c.7.o
 .ARM.attributes
                0x0000000000000174       0x21 /Users/akilesh/pebble-dev/PebbleSDK-2.8.1/Pebble/lib/libpebble.a(tmpL9Cjnwpebble.o)
 .ARM.attributes
                0x0000000000000195       0x29 /Users/akilesh/pebble-dev/PebbleSDK-2.8.1/arm-cs-tools/bin/../lib/gcc/arm-none-eabi/4.7.2/thumb2/crtend.o
 .ARM.attributes
                0x00000000000001be       0x19 /Users/akilesh/pebble-dev/PebbleSDK-2.8.1/arm-cs-tools/bin/../lib/gcc/arm-none-eabi/4.7.2/thumb2/crtn.o

.comment        0x0000000000000000       0x4e
 .comment       0x0000000000000000       0x4e /Users/akilesh/pebble-dev/PebbleSDK-2.8.1/arm-cs-tools/bin/../lib/gcc/arm-none-eabi/4.7.2/thumb2/crtbegin.o
                                         0x4f (size before relaxing)
 .comment       0x0000000000000000       0x4f src/exercise_window.c.7.o
 .comment       0x0000000000000000       0x4f src/hibar-pebble.c.7.o
 .comment       0x0000000000000000       0x4f src/message_utils.c.7.o
 .comment       0x0000000000000000       0x4f src/next_exercise_window.c.7.o
 .comment       0x0000000000000000       0x4f src/waiting_window.c.7.o
 .comment       0x0000000000000000       0x4f appinfo.auto.c.7.o
 .comment       0x0000000000000000       0x4f /Users/akilesh/pebble-dev/PebbleSDK-2.8.1/arm-cs-tools/bin/../lib/gcc/arm-none-eabi/4.7.2/thumb2/crtend.o

.debug_info     0x0000000000000000     0x24f9
 .debug_info    0x0000000000000000      0xb63 src/exercise_window.c.7.o
 .debug_info    0x0000000000000b63      0x196 src/hibar-pebble.c.7.o
 .debug_info    0x0000000000000cf9      0xa27 src/message_utils.c.7.o
 .debug_info    0x0000000000001720      0x629 src/next_exercise_window.c.7.o
 .debug_info    0x0000000000001d49      0x4ae src/waiting_window.c.7.o
 .debug_info    0x00000000000021f7      0x302 appinfo.auto.c.7.o

.debug_abbrev   0x0000000000000000      0xa74
 .debug_abbrev  0x0000000000000000      0x25c src/exercise_window.c.7.o
 .debug_abbrev  0x000000000000025c      0x10c src/hibar-pebble.c.7.o
 .debug_abbrev  0x0000000000000368      0x288 src/message_utils.c.7.o
 .debug_abbrev  0x00000000000005f0      0x20a src/next_exercise_window.c.7.o
 .debug_abbrev  0x00000000000007fa      0x1dc src/waiting_window.c.7.o
 .debug_abbrev  0x00000000000009d6       0x9e appinfo.auto.c.7.o

.debug_loc      0x0000000000000000      0x8d0
 .debug_loc     0x0000000000000000      0x304 src/exercise_window.c.7.o
 .debug_loc     0x0000000000000304       0x20 src/hibar-pebble.c.7.o
 .debug_loc     0x0000000000000324      0x412 src/message_utils.c.7.o
 .debug_loc     0x0000000000000736       0xd7 src/next_exercise_window.c.7.o
 .debug_loc     0x000000000000080d       0xc3 src/waiting_window.c.7.o

.debug_aranges  0x0000000000000000      0x138
 .debug_aranges
                0x0000000000000000       0x48 src/exercise_window.c.7.o
 .debug_aranges
                0x0000000000000048       0x20 src/hibar-pebble.c.7.o
 .debug_aranges
                0x0000000000000068       0x50 src/message_utils.c.7.o
 .debug_aranges
                0x00000000000000b8       0x38 src/next_exercise_window.c.7.o
 .debug_aranges
                0x00000000000000f0       0x30 src/waiting_window.c.7.o
 .debug_aranges
                0x0000000000000120       0x18 appinfo.auto.c.7.o

.debug_ranges   0x0000000000000000       0xf0
 .debug_ranges  0x0000000000000000       0x38 src/exercise_window.c.7.o
 .debug_ranges  0x0000000000000038       0x10 src/hibar-pebble.c.7.o
 .debug_ranges  0x0000000000000048       0x60 src/message_utils.c.7.o
 .debug_ranges  0x00000000000000a8       0x28 src/next_exercise_window.c.7.o
 .debug_ranges  0x00000000000000d0       0x20 src/waiting_window.c.7.o

.debug_line     0x0000000000000000      0x9cc
 .debug_line    0x0000000000000000      0x2a2 src/exercise_window.c.7.o
 .debug_line    0x00000000000002a2       0xbd src/hibar-pebble.c.7.o
 .debug_line    0x000000000000035f      0x288 src/message_utils.c.7.o
 .debug_line    0x00000000000005e7      0x178 src/next_exercise_window.c.7.o
 .debug_line    0x000000000000075f      0x149 src/waiting_window.c.7.o
 .debug_line    0x00000000000008a8      0x124 appinfo.auto.c.7.o

.debug_str      0x0000000000000000      0xda5
 .debug_str     0x0000000000000000      0x5bb src/exercise_window.c.7.o
                                        0x675 (size before relaxing)
 .debug_str     0x00000000000005bb       0x77 src/hibar-pebble.c.7.o
                                        0x173 (size before relaxing)
 .debug_str     0x0000000000000632      0x5a8 src/message_utils.c.7.o
                                        0x74f (size before relaxing)
 .debug_str     0x0000000000000bda       0x31 src/next_exercise_window.c.7.o
                                        0x3d2 (size before relaxing)
 .debug_str     0x0000000000000c0b       0x18 src/waiting_window.c.7.o
                                        0x2d1 (size before relaxing)
 .debug_str     0x0000000000000c23      0x182 appinfo.auto.c.7.o
                                        0x28a (size before relaxing)

.debug_frame    0x0000000000000000      0x26c
 .debug_frame   0x0000000000000000       0xb0 src/exercise_window.c.7.o
 .debug_frame   0x00000000000000b0       0x28 src/hibar-pebble.c.7.o
 .debug_frame   0x00000000000000d8       0xbc src/message_utils.c.7.o
 .debug_frame   0x0000000000000194       0x7c src/next_exercise_window.c.7.o
 .debug_frame   0x0000000000000210       0x5c src/waiting_window.c.7.o
